Archive member included to satisfy reference by file (symbol)

c:/users/a1885/program/mounriver/mounriver_studio/toolchain/risc-v embedded gcc/bin/../lib/gcc/riscv-none-embed/8.2.0\libgcc.a(_divdi3.o)
                              ./TencentOS_Tiny/kernel/core/tos_time.o (__divdi3)
c:/users/a1885/program/mounriver/mounriver_studio/toolchain/risc-v embedded gcc/bin/../lib/gcc/riscv-none-embed/8.2.0\libgcc.a(_udivdi3.o)
                              ./TencentOS_Tiny/kernel/core/tos_stopwatch.o (__udivdi3)
c:/users/a1885/program/mounriver/mounriver_studio/toolchain/risc-v embedded gcc/bin/../lib/gcc/riscv-none-embed/8.2.0\libgcc.a(adddf3.o)
                              ./TencentOS_Tiny/tos_js/tos_js.o (__adddf3)
c:/users/a1885/program/mounriver/mounriver_studio/toolchain/risc-v embedded gcc/bin/../lib/gcc/riscv-none-embed/8.2.0\libgcc.a(divdf3.o)
                              ./TencentOS_Tiny/tos_js/tos_js.o (__divdf3)
c:/users/a1885/program/mounriver/mounriver_studio/toolchain/risc-v embedded gcc/bin/../lib/gcc/riscv-none-embed/8.2.0\libgcc.a(eqdf2.o)
                              ./TencentOS_Tiny/tos_js/tos_js.o (__eqdf2)
c:/users/a1885/program/mounriver/mounriver_studio/toolchain/risc-v embedded gcc/bin/../lib/gcc/riscv-none-embed/8.2.0\libgcc.a(gedf2.o)
                              ./TencentOS_Tiny/tos_js/tos_js.o (__gedf2)
c:/users/a1885/program/mounriver/mounriver_studio/toolchain/risc-v embedded gcc/bin/../lib/gcc/riscv-none-embed/8.2.0\libgcc.a(ledf2.o)
                              ./TencentOS_Tiny/tos_js/tos_js.o (__ledf2)
c:/users/a1885/program/mounriver/mounriver_studio/toolchain/risc-v embedded gcc/bin/../lib/gcc/riscv-none-embed/8.2.0\libgcc.a(muldf3.o)
                              ./TencentOS_Tiny/tos_js/tos_js.o (__muldf3)
c:/users/a1885/program/mounriver/mounriver_studio/toolchain/risc-v embedded gcc/bin/../lib/gcc/riscv-none-embed/8.2.0\libgcc.a(subdf3.o)
                              ./TencentOS_Tiny/tos_js/tos_js.o (__subdf3)
c:/users/a1885/program/mounriver/mounriver_studio/toolchain/risc-v embedded gcc/bin/../lib/gcc/riscv-none-embed/8.2.0\libgcc.a(fixdfsi.o)
                              ./TencentOS_Tiny/tos_js/tos_js.o (__fixdfsi)
c:/users/a1885/program/mounriver/mounriver_studio/toolchain/risc-v embedded gcc/bin/../lib/gcc/riscv-none-embed/8.2.0\libgcc.a(floatsidf.o)
                              ./TencentOS_Tiny/tos_js/tos_js.o (__floatsidf)
c:/users/a1885/program/mounriver/mounriver_studio/toolchain/risc-v embedded gcc/bin/../lib/gcc/riscv-none-embed/8.2.0\libgcc.a(floatunsidf.o)
                              ./TencentOS_Tiny/tos_js/tos_js.o (__floatunsidf)
c:/users/a1885/program/mounriver/mounriver_studio/toolchain/risc-v embedded gcc/bin/../lib/gcc/riscv-none-embed/8.2.0\libgcc.a(save-restore.o)
                              ./TencentOS_Tiny/tos_js/tos_js.o (__riscv_save_12)
c:/users/a1885/program/mounriver/mounriver_studio/toolchain/risc-v embedded gcc/bin/../lib/gcc/riscv-none-embed/8.2.0\libgcc.a(_clz.o)
                              c:/users/a1885/program/mounriver/mounriver_studio/toolchain/risc-v embedded gcc/bin/../lib/gcc/riscv-none-embed/8.2.0\libgcc.a(_divdi3.o) (__clz_tab)
c:/users/a1885/program/mounriver/mounriver_studio/toolchain/risc-v embedded gcc/bin/../lib/gcc/riscv-none-embed/8.2.0\libgcc.a(_clzsi2.o)
                              c:/users/a1885/program/mounriver/mounriver_studio/toolchain/risc-v embedded gcc/bin/../lib/gcc/riscv-none-embed/8.2.0\libgcc.a(adddf3.o) (__clzsi2)
c:/users/a1885/program/mounriver/mounriver_studio/toolchain/risc-v embedded gcc/bin/../lib/gcc/riscv-none-embed/8.2.0/../../../../riscv-none-embed/lib\libg_nano.a(lib_a-assert.o)
                              ./TencentOS_Tiny/tos_js/tos_js.o (__assert_func)
c:/users/a1885/program/mounriver/mounriver_studio/toolchain/risc-v embedded gcc/bin/../lib/gcc/riscv-none-embed/8.2.0/../../../../riscv-none-embed/lib\libg_nano.a(lib_a-fprintf.o)
                              c:/users/a1885/program/mounriver/mounriver_studio/toolchain/risc-v embedded gcc/bin/../lib/gcc/riscv-none-embed/8.2.0/../../../../riscv-none-embed/lib\libg_nano.a(lib_a-assert.o) (fiprintf)
c:/users/a1885/program/mounriver/mounriver_studio/toolchain/risc-v embedded gcc/bin/../lib/gcc/riscv-none-embed/8.2.0/../../../../riscv-none-embed/lib\libg_nano.a(lib_a-impure.o)
                              c:/users/a1885/program/mounriver/mounriver_studio/toolchain/risc-v embedded gcc/bin/../lib/gcc/riscv-none-embed/8.2.0/../../../../riscv-none-embed/lib\libg_nano.a(lib_a-assert.o) (_impure_ptr)
c:/users/a1885/program/mounriver/mounriver_studio/toolchain/risc-v embedded gcc/bin/../lib/gcc/riscv-none-embed/8.2.0/../../../../riscv-none-embed/lib\libg_nano.a(lib_a-memcmp.o)
                              ./TencentOS_Tiny/tos_js/tos_js.o (memcmp)
c:/users/a1885/program/mounriver/mounriver_studio/toolchain/risc-v embedded gcc/bin/../lib/gcc/riscv-none-embed/8.2.0/../../../../riscv-none-embed/lib\libg_nano.a(lib_a-memcpy.o)
[...]
Memory Configuration

Name             Origin             Length             Attributes
FLASH            0x0000000000000000 0x0000000000048000 xr
RAM              0x0000000020000000 0x0000000000010000 xrw
*default*        0x0000000000000000 0xffffffffffffffff

Linker script and memory map

LOAD ./User/ch32v30x_it.o
LOAD ./User/main.o
LOAD ./User/system_ch32v30x.o
LOAD ./TencentOS_Tiny/tos_js/tos_js.o
LOAD ./TencentOS_Tiny/kernel/pm/tos_pm.o
LOAD ./TencentOS_Tiny/kernel/pm/tos_tickless.o
LOAD ./TencentOS_Tiny/kernel/core/tos_barrier.o
LOAD ./TencentOS_Tiny/kernel/core/tos_binary_heap.o
LOAD ./TencentOS_Tiny/kernel/core/tos_bitmap.o
LOAD ./TencentOS_Tiny/kernel/core/tos_char_fifo.o
LOAD ./TencentOS_Tiny/kernel/core/tos_completion.o
LOAD ./TencentOS_Tiny/kernel/core/tos_countdownlatch.o
LOAD ./TencentOS_Tiny/kernel/core/tos_event.o
LOAD ./TencentOS_Tiny/kernel/core/tos_global.o
LOAD ./TencentOS_Tiny/kernel/core/tos_mail_queue.o
LOAD ./TencentOS_Tiny/kernel/core/tos_message_queue.o
LOAD ./TencentOS_Tiny/kernel/core/tos_mmblk.o
LOAD ./TencentOS_Tiny/kernel/core/tos_mmheap.o
LOAD ./TencentOS_Tiny/kernel/core/tos_mutex.o
LOAD ./TencentOS_Tiny/kernel/core/tos_pend.o
LOAD ./TencentOS_Tiny/kernel/core/tos_priority_mail_queue.o
LOAD ./TencentOS_Tiny/kernel/core/tos_priority_message_queue.o
LOAD ./TencentOS_Tiny/kernel/core/tos_priority_queue.o
LOAD ./TencentOS_Tiny/kernel/core/tos_ring_queue.o
LOAD ./TencentOS_Tiny/kernel/core/tos_robin.o
LOAD ./TencentOS_Tiny/kernel/core/tos_rwlock.o
LOAD ./TencentOS_Tiny/kernel/core/tos_sched.o
LOAD ./TencentOS_Tiny/kernel/core/tos_sem.o
LOAD ./TencentOS_Tiny/kernel/core/tos_stopwatch.o
LOAD ./TencentOS_Tiny/kernel/core/tos_sys.o
LOAD ./TencentOS_Tiny/kernel/core/tos_task.o
LOAD ./TencentOS_Tiny/kernel/core/tos_tick.o
LOAD ./TencentOS_Tiny/kernel/core/tos_time.o
LOAD ./TencentOS_Tiny/kernel/core/tos_timer.o
LOAD ./TencentOS_Tiny/arch/risc-v/rv32/gcc/port_c.o
LOAD ./TencentOS_Tiny/arch/risc-v/rv32/gcc/port_s.o
LOAD ./TencentOS_Tiny/arch/risc-v/common/tos_cpu.o
LOAD ./Startup/startup_ch32v30x.o
LOAD ./Peripheral/src/ch32v30x_adc.o
LOAD ./Peripheral/src/ch32v30x_bkp.o
LOAD ./Peripheral/src/ch32v30x_can.o
LOAD ./Peripheral/src/ch32v30x_crc.o
LOAD ./Peripheral/src/ch32v30x_dac.o
LOAD ./Peripheral/src/ch32v30x_dbgmcu.o
LOAD ./Peripheral/src/ch32v30x_dma.o
LOAD ./Peripheral/src/ch32v30x_dvp.o
LOAD ./Peripheral/src/ch32v30x_eth.o
LOAD ./Peripheral/src/ch32v30x_exti.o
LOAD ./Peripheral/src/ch32v30x_flash.o
LOAD ./Peripheral/src/ch32v30x_fsmc.o
LOAD ./Peripheral/src/ch32v30x_gpio.o
LOAD ./Peripheral/src/ch32v30x_i2c.o
LOAD ./Peripheral/src/ch32v30x_iwdg.o
LOAD ./Peripheral/src/ch32v30x_misc.o
LOAD ./Peripheral/src/ch32v30x_opa.o
LOAD ./Peripheral/src/ch32v30x_pwr.o
LOAD ./Peripheral/src/ch32v30x_rcc.o
LOAD ./Peripheral/src/ch32v30x_rng.o
LOAD ./Peripheral/src/ch32v30x_rtc.o
LOAD ./Peripheral/src/ch32v30x_sdio.o
LOAD ./Peripheral/src/ch32v30x_spi.o
LOAD ./Peripheral/src/ch32v30x_tim.o
LOAD ./Peripheral/src/ch32v30x_usart.o
LOAD ./Peripheral/src/ch32v30x_wwdg.o
LOAD ./Debug/debug.o
LOAD ./Core/core_riscv.o
LOAD c:/users/a1885/program/mounriver/mounriver_studio/toolchain/risc-v embedded gcc/bin/../lib/gcc/riscv-none-embed/8.2.0\libgcc.a
LOAD c:/users/a1885/program/mounriver/mounriver_studio/toolchain/risc-v embedded gcc/bin/../lib/gcc/riscv-none-embed/8.2.0/../../../../riscv-none-embed/lib\libg_nano.a
LOAD c:/users/a1885/program/mounriver/mounriver_studio/toolchain/risc-v embedded gcc/bin/../lib/gcc/riscv-none-embed/8.2.0/../../../../riscv-none-embed/lib\libc_nano.a
LOAD c:/users/a1885/program/mounriver/mounriver_studio/toolchain/risc-v embedded gcc/bin/../lib/gcc/riscv-none-embed/8.2.0\libgcc.a
START GROUP
LOAD c:/users/a1885/program/mounriver/mounriver_studio/toolchain/risc-v embedded gcc/bin/../lib/gcc/riscv-none-embed/8.2.0\libgcc.a
LOAD c:/users/a1885/program/mounriver/mounriver_studio/toolchain/risc-v embedded gcc/bin/../lib/gcc/riscv-none-embed/8.2.0/../../../../riscv-none-embed/lib\libc_nano.a
LOAD c:/users/a1885/program/mounriver/mounriver_studio/toolchain/risc-v embedded gcc/bin/../lib/gcc/riscv-none-embed/8.2.0/../../../../riscv-none-embed/lib\libnosys.a
END GROUP
START GROUP
LOAD c:/users/a1885/program/mounriver/mounriver_studio/toolchain/risc-v embedded gcc/bin/../lib/gcc/riscv-none-embed/8.2.0\libgcc.a
LOAD c:/users/a1885/program/mounriver/mounriver_studio/toolchain/risc-v embedded gcc/bin/../lib/gcc/riscv-none-embed/8.2.0/../../../../riscv-none-embed/lib\libc_nano.a
LOAD c:/users/a1885/program/mounriver/mounriver_studio/toolchain/risc-v embedded gcc/bin/../lib/gcc/riscv-none-embed/8.2.0/../../../../riscv-none-embed/lib\libnosys.a
END GROUP
                0x0000000000005000                __stack_size = 0x5000
                [!provide]                        PROVIDE (_stack_size = __stack_size)

.init           0x0000000000000000       0x38
                0x0000000000000000                _sinit = .
                0x0000000000000000                . = ALIGN (0x4)
 *(SORT_NONE(.init))
 .init          0x0000000000000000       0x38 ./Startup/startup_ch32v30x.o
                0x0000000000000000                _start
                0x0000000000000038                . = ALIGN (0x4)
                0x0000000000000038                _einit = .

.vector         0x0000000000000038      0x1c8
 *(.vector)
 .vector        0x0000000000000038      0x1a0 ./Startup/startup_ch32v30x.o
                0x0000000000000200                . = ALIGN (0x40)
 *fill*         0x00000000000001d8       0x28 

.text           0x0000000000000200     0xc898
                0x0000000000000200                . = ALIGN (0x4)
 *(.text)
 .text          0x0000000000000200      0x126 ./TencentOS_Tiny/arch/risc-v/rv32/gcc/port_s.o
                0x0000000000000200                port_sched_start
                0x000000000000025c                SW_handler
 .text          0x0000000000000326       0x60 c:/users/a1885/program/mounriver/mounriver_studio/toolchain/risc-v embedded gcc/bin/../lib/gcc/riscv-none-embed/8.2.0\libgcc.a(save-restore.o)
                0x0000000000000326                __riscv_save_12
                0x000000000000032e                __riscv_save_9
                0x000000000000032e                __riscv_save_11
                0x000000000000032e                __riscv_save_10
                0x000000000000032e                __riscv_save_8
                0x000000000000033c                __riscv_save_4
                0x000000000000033c                __riscv_save_6
                0x000000000000033c                __riscv_save_5
                0x000000000000033c                __riscv_save_7
                0x0000000000000356                __riscv_save_3
                0x0000000000000356                __riscv_save_2
                0x0000000000000356                __riscv_save_1
                0x0000000000000356                __riscv_save_0
                0x0000000000000362                __riscv_restore_12
                0x0000000000000366                __riscv_restore_11
                0x0000000000000366                __riscv_restore_9
                0x0000000000000366                __riscv_restore_10
                0x0000000000000366                __riscv_restore_8
                0x0000000000000370                __riscv_restore_5
                0x0000000000000370                __riscv_restore_7
                0x0000000000000370                __riscv_restore_6
                0x0000000000000370                __riscv_restore_4
                0x000000000000037a                __riscv_restore_3
                0x000000000000037a                __riscv_restore_0
                0x000000000000037a                __riscv_restore_2
                0x000000000000037a                __riscv_restore_1
 .text          0x0000000000000386       0xa8 c:/users/a1885/program/mounriver/mounriver_studio/toolchain/risc-v embedded gcc/bin/../lib/gcc/riscv-none-embed/8.2.0/../../../../riscv-none-embed/lib\libg_nano.a(lib_a-memset.o)
                0x0000000000000386                memset
 *(.text.*)
 .text.NMI_Handler
                0x000000000000042e        0x4 ./User/ch32v30x_it.o
                0x000000000000042e                NMI_Handler
 .text.HardFault_Handler
                0x0000000000000432        0x2 ./User/ch32v30x_it.o
                0x0000000000000432                HardFault_Handler
 .text.task1_entry
                0x0000000000000434       0x1c ./User/main.o
                0x0000000000000434                task1_entry
 .text.js_print
                0x0000000000000450       0x56 ./User/main.o
                0x0000000000000450                js_print
 .text.task2_entry
                0x00000000000004a6       0x68 ./User/main.o
                0x00000000000004a6                task2_entry
 .text.startup.main
                0x000000000000050e       0xac ./User/main.o
                0x000000000000050e                main
 .text.SystemInit
                0x00000000000005ba       0xfa ./User/system_ch32v30x.o
                0x00000000000005ba                SystemInit
 .text.vtype    0x00000000000006b4       0x16 ./TencentOS_Tiny/tos_js/tos_js.o
 .text.is_err   0x00000000000006ca        0xe ./TencentOS_Tiny/tos_js/tos_js.o
 .text.setlwm   0x00000000000006d8       0x30 ./TencentOS_Tiny/tos_js/tos_js.o
 .text.cpy      0x0000000000000708       0x38 ./TencentOS_Tiny/tos_js/tos_js.o
 .text.skiptonext
                0x0000000000000740       0x98 ./TencentOS_Tiny/tos_js/tos_js.o
 .text.streq    0x00000000000007d8       0x1a ./TencentOS_Tiny/tos_js/tos_js.o
 .text.unhex    0x00000000000007f2       0x3c ./TencentOS_Tiny/tos_js/tos_js.o
 .text.esize    0x000000000000082e       0x28 ./TencentOS_Tiny/tos_js/tos_js.o
 .text.is_err2.isra.2
                0x0000000000000856       0x1a ./TencentOS_Tiny/tos_js/tos_js.o
 .text.loadoff  0x0000000000000870       0x3e ./TencentOS_Tiny/tos_js/tos_js.o
 .text.vstr     0x00000000000008ae       0x1c ./TencentOS_Tiny/tos_js/tos_js.o
 .text.delscope
                0x00000000000008ca       0x16 ./TencentOS_Tiny/tos_js/tos_js.o
 .text.js_truthy
                0x00000000000008e0       0x54 ./TencentOS_Tiny/tos_js/tos_js.o
 .text.lkp      0x0000000000000934       0x4a ./TencentOS_Tiny/tos_js/tos_js.o
 .text.resolveprop
                0x000000000000097e       0x36 ./TencentOS_Tiny/tos_js/tos_js.o
 .text.parseident
                0x00000000000009b4      0x3c2 ./TencentOS_Tiny/tos_js/tos_js.o
 .text.next.part.9
                0x0000000000000d76      0x3e4 ./TencentOS_Tiny/tos_js/tos_js.o
 .text.next     0x000000000000115a       0x16 ./TencentOS_Tiny/tos_js/tos_js.o
 .text.js_unmark_entity
                0x0000000000001170       0x94 ./TencentOS_Tiny/tos_js/tos_js.o
 .text.tostr    0x0000000000001204      0x218 ./TencentOS_Tiny/tos_js/tos_js.o
 .text.js_mkerr
                0x000000000000141c       0x64 ./TencentOS_Tiny/tos_js/tos_js.o
                0x000000000000141c                js_mkerr
 .text.mkentity
                0x0000000000001480       0x78 ./TencentOS_Tiny/tos_js/tos_js.o
 .text.setprop  0x00000000000014f8       0x4c ./TencentOS_Tiny/tos_js/tos_js.o
 .text.mkscope  0x0000000000001544       0x42 ./TencentOS_Tiny/tos_js/tos_js.o
 .text.expect   0x0000000000001586       0x36 ./TencentOS_Tiny/tos_js/tos_js.o
 .text.js_mkstr
                0x00000000000015bc       0x18 ./TencentOS_Tiny/tos_js/tos_js.o
                0x00000000000015bc                js_mkstr
 .text.js_str   0x00000000000015d4       0x50 ./TencentOS_Tiny/tos_js/tos_js.o
                0x00000000000015d4                js_str
 .text.js_str_literal
                0x0000000000001624      0x148 ./TencentOS_Tiny/tos_js/tos_js.o
 .text.js_gc    0x000000000000176c      0x1ca ./TencentOS_Tiny/tos_js/tos_js.o
                0x000000000000176c                js_gc
 .text.js_create
                0x0000000000001936       0x4e ./TencentOS_Tiny/tos_js/tos_js.o
                0x0000000000001936                js_create
 .text.js_mkundef
                0x0000000000001984        0x8 ./TencentOS_Tiny/tos_js/tos_js.o
                0x0000000000001984                js_mkundef
 .text.js_mkfun
                0x000000000000198c        0x6 ./TencentOS_Tiny/tos_js/tos_js.o
                0x000000000000198c                js_mkfun
 .text.js_glob  0x0000000000001992        0x8 ./TencentOS_Tiny/tos_js/tos_js.o
                0x0000000000001992                js_glob
 .text.js_set   0x000000000000199a       0x3e ./TencentOS_Tiny/tos_js/tos_js.o
                0x000000000000199a                js_set
 .text.js_eval  0x00000000000019d8       0x6e ./TencentOS_Tiny/tos_js/tos_js.o
                0x00000000000019d8                js_eval
 .text.js_run   0x0000000000001a46        0xc ./TencentOS_Tiny/tos_js/tos_js.o
                0x0000000000001a46                js_run
 .text.do_op    0x0000000000001a52      0x806 ./TencentOS_Tiny/tos_js/tos_js.o
 .text.js_logical_and
                0x0000000000002258       0xc8 ./TencentOS_Tiny/tos_js/tos_js.o
 .text.js_logical_or
                0x0000000000002320       0x70 ./TencentOS_Tiny/tos_js/tos_js.o
 .text.js_ternary
                0x0000000000002390       0xb2 ./TencentOS_Tiny/tos_js/tos_js.o
 .text.js_assignment
                0x0000000000002442       0x74 ./TencentOS_Tiny/tos_js/tos_js.o
 .text.js_let   0x00000000000024b6      0x11e ./TencentOS_Tiny/tos_js/tos_js.o
 .text.js_stmt  0x00000000000025d4      0x448 ./TencentOS_Tiny/tos_js/tos_js.o
 .text.js_block
                0x0000000000002a1c       0x94 ./TencentOS_Tiny/tos_js/tos_js.o
 .text.js_block_or_stmt
                0x0000000000002ab0       0x3a ./TencentOS_Tiny/tos_js/tos_js.o
 .text.js_group
                0x0000000000002aea      0x32e ./TencentOS_Tiny/tos_js/tos_js.o
 .text.js_unary
                0x0000000000002e18      0x25a ./TencentOS_Tiny/tos_js/tos_js.o
 .text.js_mul_div_rem
                0x0000000000003072       0x78 ./TencentOS_Tiny/tos_js/tos_js.o
 .text.js_plus_minus
                0x00000000000030ea       0x70 ./TencentOS_Tiny/tos_js/tos_js.o
 .text.js_shifts
                0x000000000000315a       0x84 ./TencentOS_Tiny/tos_js/tos_js.o
 .text.js_comparison
                0x00000000000031de       0x92 ./TencentOS_Tiny/tos_js/tos_js.o
 .text.js_equality
                0x0000000000003270       0x76 ./TencentOS_Tiny/tos_js/tos_js.o
 .text.js_bitwise_and
                0x00000000000032e6       0x68 ./TencentOS_Tiny/tos_js/tos_js.o
 .text.js_bitwise_xor
                0x000000000000334e       0x68 ./TencentOS_Tiny/tos_js/tos_js.o
 .text.do_assign_op
                0x00000000000033b6       0x76 ./TencentOS_Tiny/tos_js/tos_js.o
 .text.blk_next
                0x000000000000342c        0xa ./TencentOS_Tiny/kernel/core/tos_mmheap.o
 .text.blk_link_next
                0x0000000000003436       0x10 ./TencentOS_Tiny/kernel/core/tos_mmheap.o
 .text.mmheap_ctl_init
                0x0000000000003446       0x58 ./TencentOS_Tiny/kernel/core/tos_mmheap.o
 .text.generic_fls.part.0
                0x000000000000349e       0x3c ./TencentOS_Tiny/kernel/core/tos_mmheap.o
 .text.mapping_insert
                0x00000000000034da       0x3c ./TencentOS_Tiny/kernel/core/tos_mmheap.o
 .text.blk_insert
                0x0000000000003516       0x62 ./TencentOS_Tiny/kernel/core/tos_mmheap.o
 .text.tos_mmheap_pool_add
                0x0000000000003578       0x8e ./TencentOS_Tiny/kernel/core/tos_mmheap.o
                0x0000000000003578                tos_mmheap_pool_add
 .text.mmheap_init_with_pool
                0x0000000000003606       0x1c ./TencentOS_Tiny/kernel/core/tos_mmheap.o
                0x0000000000003606                mmheap_init_with_pool
 .text.mutex_old_owner_release
                0x0000000000003622       0x46 ./TencentOS_Tiny/kernel/core/tos_mutex.o
 .text.mutex_release
                0x0000000000003668       0x16 ./TencentOS_Tiny/kernel/core/tos_mutex.o
                0x0000000000003668                mutex_release
 .text.pend_list_add
                0x000000000000367e       0x40 ./TencentOS_Tiny/kernel/core/tos_pend.o
 .text.pend_highest_pending_prio_get
                0x00000000000036be       0x18 ./TencentOS_Tiny/kernel/core/tos_pend.o
                0x00000000000036be                pend_highest_pending_prio_get
 .text.pend_list_remove
                0x00000000000036d6       0x18 ./TencentOS_Tiny/kernel/core/tos_pend.o
                0x00000000000036d6                pend_list_remove
 .text.pend_list_adjust
                0x00000000000036ee       0x16 ./TencentOS_Tiny/kernel/core/tos_pend.o
                0x00000000000036ee                pend_list_adjust
 .text.pend_task_wakeup
                0x0000000000003704       0x32 ./TencentOS_Tiny/kernel/core/tos_pend.o
                0x0000000000003704                pend_task_wakeup
 .text.pend_wakeup_all
                0x0000000000003736       0x30 ./TencentOS_Tiny/kernel/core/tos_pend.o
                0x0000000000003736                pend_wakeup_all
 .text.readyqueue_prio_mark
                0x0000000000003766       0x30 ./TencentOS_Tiny/kernel/core/tos_sched.o
 .text.readyqueue_highest_ready_task_get
                0x0000000000003796       0x18 ./TencentOS_Tiny/kernel/core/tos_sched.o
                0x0000000000003796                readyqueue_highest_ready_task_get
 .text.readyqueue_init
                0x00000000000037ae       0x26 ./TencentOS_Tiny/kernel/core/tos_sched.o
                0x00000000000037ae                readyqueue_init
 .text.readyqueue_add_head
                0x00000000000037d4       0x40 ./TencentOS_Tiny/kernel/core/tos_sched.o
                0x00000000000037d4                readyqueue_add_head
 .text.readyqueue_add_tail
                0x0000000000003814       0x40 ./TencentOS_Tiny/kernel/core/tos_sched.o
                0x0000000000003814                readyqueue_add_tail
 .text.readyqueue_add
                0x0000000000003854       0x22 ./TencentOS_Tiny/kernel/core/tos_sched.o
                0x0000000000003854                readyqueue_add
 .text.readyqueue_remove
                0x0000000000003876       0x7c ./TencentOS_Tiny/kernel/core/tos_sched.o
                0x0000000000003876                readyqueue_remove
 .text.knl_idle_entry
                0x00000000000038f2        0x2 ./TencentOS_Tiny/kernel/core/tos_sys.o
 .text.tos_knl_irq_enter
                0x00000000000038f4       0x1e ./TencentOS_Tiny/kernel/core/tos_sys.o
                0x00000000000038f4                tos_knl_irq_enter
 .text.tos_knl_irq_leave
                0x0000000000003912       0x50 ./TencentOS_Tiny/kernel/core/tos_sys.o
                0x0000000000003912                tos_knl_irq_leave
 .text.tos_knl_start
                0x0000000000003962       0x2c ./TencentOS_Tiny/kernel/core/tos_sys.o
                0x0000000000003962                tos_knl_start
 .text.tos_knl_is_running
                0x000000000000398e        0xc ./TencentOS_Tiny/kernel/core/tos_sys.o
                0x000000000000398e                tos_knl_is_running
 .text.knl_sched
                0x000000000000399a       0x42 ./TencentOS_Tiny/kernel/core/tos_sys.o
                0x000000000000399a                knl_sched
 .text.knl_is_sched_locked
                0x00000000000039dc        0xa ./TencentOS_Tiny/kernel/core/tos_sys.o
                0x00000000000039dc                knl_is_sched_locked
 .text.knl_is_inirq
                0x00000000000039e6        0xa ./TencentOS_Tiny/kernel/core/tos_sys.o
                0x00000000000039e6                knl_is_inirq
 .text.knl_is_idle
                0x00000000000039f0       0x10 ./TencentOS_Tiny/kernel/core/tos_sys.o
                0x00000000000039f0                knl_is_idle
 .text.knl_is_self
                0x0000000000003a00        0xe ./TencentOS_Tiny/kernel/core/tos_sys.o
                0x0000000000003a00                knl_is_self
 .text.knl_idle_init
                0x0000000000003a0e       0x30 ./TencentOS_Tiny/kernel/core/tos_sys.o
                0x0000000000003a0e                knl_idle_init
 .text.tos_knl_init
                0x0000000000003a3e       0x24 ./TencentOS_Tiny/kernel/core/tos_sys.o
                0x0000000000003a3e                tos_knl_init
 .text.tos_task_create
                0x0000000000003a62       0xee ./TencentOS_Tiny/kernel/core/tos_task.o
                0x0000000000003a62                tos_task_create
 .text.tos_task_destroy
                0x0000000000003b50       0xde ./TencentOS_Tiny/kernel/core/tos_task.o
                0x0000000000003b50                tos_task_destroy
 .text.task_exit
                0x0000000000003c2e        0xe ./TencentOS_Tiny/kernel/core/tos_task.o
 .text.tos_task_yield
                0x0000000000003c3c       0x2a ./TencentOS_Tiny/kernel/core/tos_task.o
                0x0000000000003c3c                tos_task_yield
 .text.tos_task_prio_change
                0x0000000000003c66       0xc0 ./TencentOS_Tiny/kernel/core/tos_task.o
                0x0000000000003c66                tos_task_prio_change
 .text.tos_task_delay
                0x0000000000003d26       0x5c ./TencentOS_Tiny/kernel/core/tos_task.o
                0x0000000000003d26                tos_task_delay
 .text.tick_list_add
                0x0000000000003d82       0xca ./TencentOS_Tiny/kernel/core/tos_tick.o
                0x0000000000003d82                tick_list_add
 .text.tick_list_remove
                0x0000000000003e4c       0x82 ./TencentOS_Tiny/kernel/core/tos_tick.o
                0x0000000000003e4c                tick_list_remove
 .text.tick_update
                0x0000000000003ece       0xa2 ./TencentOS_Tiny/kernel/core/tos_tick.o
                0x0000000000003ece                tick_update
 .text.tos_tick_handler
                0x0000000000003f70       0x16 ./TencentOS_Tiny/kernel/core/tos_tick.o
                0x0000000000003f70                tos_tick_handler
 .text.port_cpsr_save
                0x0000000000003f86        0xc ./TencentOS_Tiny/arch/risc-v/rv32/gcc/port_c.o
                0x0000000000003f86                port_cpsr_save
 .text.port_cpsr_restore
                0x0000000000003f92        0x6 ./TencentOS_Tiny/arch/risc-v/rv32/gcc/port_c.o
                0x0000000000003f92                port_cpsr_restore
 .text.sw_clearpend
                0x0000000000003f98        0xe ./TencentOS_Tiny/arch/risc-v/rv32/gcc/port_c.o
                0x0000000000003f98                sw_clearpend
 .text.port_context_switch
                0x0000000000003fa6       0x10 ./TencentOS_Tiny/arch/risc-v/rv32/gcc/port_c.o
                0x0000000000003fa6                port_context_switch
 .text.port_irq_context_switch
                0x0000000000003fb6        0xc ./TencentOS_Tiny/arch/risc-v/rv32/gcc/port_c.o
                0x0000000000003fb6                port_irq_context_switch
 .text.port_systick_config
                0x0000000000003fc2       0x24 ./TencentOS_Tiny/arch/risc-v/rv32/gcc/port_c.o
                0x0000000000003fc2                port_systick_config
 .text.port_systick_priority_set
                0x0000000000003fe6        0xe ./TencentOS_Tiny/arch/risc-v/rv32/gcc/port_c.o
                0x0000000000003fe6                port_systick_priority_set
 .text.port_cpu_init
                0x0000000000003ff4       0x18 ./TencentOS_Tiny/arch/risc-v/rv32/gcc/port_c.o
                0x0000000000003ff4                port_cpu_init
 .text.SysTick_Handler
                0x000000000000400c       0xac ./TencentOS_Tiny/arch/risc-v/rv32/gcc/port_c.o
                0x000000000000400c                SysTick_Handler
 .text.tos_cpu_cpsr_save
                0x00000000000040b8        0xc ./TencentOS_Tiny/arch/risc-v/common/tos_cpu.o
                0x00000000000040b8                tos_cpu_cpsr_save
 .text.tos_cpu_cpsr_restore
                0x00000000000040c4        0xc ./TencentOS_Tiny/arch/risc-v/common/tos_cpu.o
                0x00000000000040c4                tos_cpu_cpsr_restore
 .text.cpu_context_switch
                0x00000000000040d0        0xc ./TencentOS_Tiny/arch/risc-v/common/tos_cpu.o
                0x00000000000040d0                cpu_context_switch
 .text.cpu_irq_context_switch
                0x00000000000040dc        0xc ./TencentOS_Tiny/arch/risc-v/common/tos_cpu.o
                0x00000000000040dc                cpu_irq_context_switch
 .text.cpu_sched_start
                0x00000000000040e8        0x8 ./TencentOS_Tiny/arch/risc-v/common/tos_cpu.o
                0x00000000000040e8                cpu_sched_start
 .text.cpu_systick_init
                0x00000000000040f0       0x18 ./TencentOS_Tiny/arch/risc-v/common/tos_cpu.o
                0x00000000000040f0                cpu_systick_init
 .text.cpu_init
                0x0000000000004108       0x38 ./TencentOS_Tiny/arch/risc-v/common/tos_cpu.o
                0x0000000000004108                cpu_init
 .text.cpu_task_stk_init
                0x0000000000004140       0x5a ./TencentOS_Tiny/arch/risc-v/common/tos_cpu.o
                0x0000000000004140                cpu_task_stk_init
 .text.tos_cpu_clz
                0x000000000000419a       0x40 ./TencentOS_Tiny/arch/risc-v/common/tos_cpu.o
                0x000000000000419a                tos_cpu_clz
 .text.vector_handler
                0x00000000000041da       0xbe ./Startup/startup_ch32v30x.o
                0x00000000000041de                Ecall_M_Mode_Handler
                0x00000000000041e0                Ecall_U_Mode_Handler
                0x00000000000041e2                Break_Point_Handler
                0x00000000000041e8                WWDG_IRQHandler
                0x00000000000041ea                PVD_IRQHandler
                0x00000000000041ec                TAMPER_IRQHandler
                0x00000000000041ee                RTC_IRQHandler
                0x00000000000041f0                FLASH_IRQHandler
                0x00000000000041f2                RCC_IRQHandler
                0x00000000000041f4                EXTI0_IRQHandler
                0x00000000000041f6                EXTI1_IRQHandler
                0x00000000000041f8                EXTI2_IRQHandler
                0x00000000000041fa                EXTI3_IRQHandler
                0x00000000000041fc                EXTI4_IRQHandler
                0x00000000000041fe                DMA1_Channel1_IRQHandler
                0x0000000000004200                DMA1_Channel2_IRQHandler
                0x0000000000004202                DMA1_Channel3_IRQHandler
                0x0000000000004204                DMA1_Channel4_IRQHandler
                0x0000000000004206                DMA1_Channel5_IRQHandler
                0x0000000000004208                DMA1_Channel6_IRQHandler
                0x000000000000420a                DMA1_Channel7_IRQHandler
                0x000000000000420c                ADC1_2_IRQHandler
                0x000000000000420e                USB_HP_CAN1_TX_IRQHandler
                0x0000000000004210                USB_LP_CAN1_RX0_IRQHandler
                0x0000000000004212                CAN1_RX1_IRQHandler
                0x0000000000004214                CAN1_SCE_IRQHandler
                0x0000000000004216                EXTI9_5_IRQHandler
                0x0000000000004218                TIM1_BRK_IRQHandler
                0x000000000000421a                TIM1_UP_IRQHandler
                0x000000000000421c                TIM1_TRG_COM_IRQHandler
                0x000000000000421e                TIM1_CC_IRQHandler
                0x0000000000004220                TIM2_IRQHandler
                0x0000000000004222                TIM3_IRQHandler
                0x0000000000004224                TIM4_IRQHandler
                0x0000000000004226                I2C1_EV_IRQHandler
                0x0000000000004228                I2C1_ER_IRQHandler
                0x000000000000422a                I2C2_EV_IRQHandler
                0x000000000000422c                I2C2_ER_IRQHandler
                0x000000000000422e                SPI1_IRQHandler
                0x0000000000004230                SPI2_IRQHandler
                0x0000000000004232                USART1_IRQHandler
                0x0000000000004234                USART2_IRQHandler
                0x0000000000004236                USART3_IRQHandler
                0x0000000000004238                EXTI15_10_IRQHandler
                0x000000000000423a                RTCAlarm_IRQHandler
                0x000000000000423c                USBWakeUp_IRQHandler
                0x000000000000423e                TIM8_BRK_IRQHandler
                0x0000000000004240                TIM8_UP_IRQHandler
                0x0000000000004242                TIM8_TRG_COM_IRQHandler
                0x0000000000004244                TIM8_CC_IRQHandler
                0x0000000000004246                RNG_IRQHandler
                0x0000000000004248                FSMC_IRQHandler
                0x000000000000424a                SDIO_IRQHandler
                0x000000000000424c                TIM5_IRQHandler
                0x000000000000424e                SPI3_IRQHandler
                0x0000000000004250                UART4_IRQHandler
                0x0000000000004252                UART5_IRQHandler
                0x0000000000004254                TIM6_IRQHandler
                0x0000000000004256                TIM7_IRQHandler
                0x0000000000004258                DMA2_Channel1_IRQHandler
                0x000000000000425a                DMA2_Channel2_IRQHandler
                0x000000000000425c                DMA2_Channel3_IRQHandler
                0x000000000000425e                DMA2_Channel4_IRQHandler
                0x0000000000004260                DMA2_Channel5_IRQHandler
                0x0000000000004262                ETH_IRQHandler
                0x0000000000004264                ETH_WKUP_IRQHandler
                0x0000000000004266                CAN2_TX_IRQHandler
                0x0000000000004268                CAN2_RX0_IRQHandler
                0x000000000000426a                CAN2_RX1_IRQHandler
                0x000000000000426c                CAN2_SCE_IRQHandler
                0x000000000000426e                OTG_FS_IRQHandler
                0x0000000000004270                USBHSWakeup_IRQHandler
                0x0000000000004272                USBHS_IRQHandler
                0x0000000000004274                DVP_IRQHandler
                0x0000000000004276                UART6_IRQHandler
                0x0000000000004278                UART7_IRQHandler
                0x000000000000427a                UART8_IRQHandler
                0x000000000000427c                TIM9_BRK_IRQHandler
                0x000000000000427e                TIM9_UP_IRQHandler
                0x0000000000004280                TIM9_TRG_COM_IRQHandler
                0x0000000000004282                TIM9_CC_IRQHandler
                0x0000000000004284                TIM10_BRK_IRQHandler
                0x0000000000004286                TIM10_UP_IRQHandler
                0x0000000000004288                TIM10_TRG_COM_IRQHandler
                0x000000000000428a                TIM10_CC_IRQHandler
                0x000000000000428c                DMA2_Channel6_IRQHandler
                0x000000000000428e                DMA2_Channel7_IRQHandler
                0x0000000000004290                DMA2_Channel8_IRQHandler
                0x0000000000004292                DMA2_Channel9_IRQHandler
                0x0000000000004294                DMA2_Channel10_IRQHandler
                0x0000000000004296                DMA2_Channel11_IRQHandler
 .text.handle_reset
                0x0000000000004298       0x8e ./Startup/startup_ch32v30x.o
                0x0000000000004298                handle_reset
 .text.GPIO_Init
                0x0000000000004326       0xc0 ./Peripheral/src/ch32v30x_gpio.o
                0x0000000000004326                GPIO_Init
 .text.RCC_GetClocksFreq
                0x00000000000043e6      0x106 ./Peripheral/src/ch32v30x_rcc.o
                0x00000000000043e6                RCC_GetClocksFreq
 .text.RCC_APB2PeriphClockCmd
                0x00000000000044ec       0x1e ./Peripheral/src/ch32v30x_rcc.o
                0x00000000000044ec                RCC_APB2PeriphClockCmd
 .text.USART_Init
                0x000000000000450a       0xbc ./Peripheral/src/ch32v30x_usart.o
                0x000000000000450a                USART_Init
 .text.USART_Cmd
                0x00000000000045c6       0x16 ./Peripheral/src/ch32v30x_usart.o
                0x00000000000045c6                USART_Cmd
 .text.USART_SendData
                0x00000000000045dc        0x8 ./Peripheral/src/ch32v30x_usart.o
                0x00000000000045dc                USART_SendData
 .text.USART_GetFlagStatus
                0x00000000000045e4        0xa ./Peripheral/src/ch32v30x_usart.o
                0x00000000000045e4                USART_GetFlagStatus
 .text.USART_Printf_Init
                0x00000000000045ee       0x5a ./Debug/debug.o
                0x00000000000045ee                USART_Printf_Init
 .text._write   0x0000000000004648       0x3e ./Debug/debug.o
                0x0000000000004648                _write
 .text._sbrk    0x0000000000004686       0x2a ./Debug/debug.o
                0x0000000000004686                _sbrk
 .text.__udivdi3
                0x00000000000046b0      0x398 c:/users/a1885/program/mounriver/mounriver_studio/toolchain/risc-v embedded gcc/bin/../lib/gcc/riscv-none-embed/8.2.0\libgcc.a(_udivdi3.o)
                0x00000000000046b0                __udivdi3
 .text.__adddf3
                0x0000000000004a48      0x730 c:/users/a1885/program/mounriver/mounriver_studio/toolchain/risc-v embedded gcc/bin/../lib/gcc/riscv-none-embed/8.2.0\libgcc.a(adddf3.o)
                0x0000000000004a48                __adddf3
 .text.__divdf3
                0x0000000000005178      0x5b4 c:/users/a1885/program/mounriver/mounriver_studio/toolchain/risc-v embedded gcc/bin/../lib/gcc/riscv-none-embed/8.2.0\libgcc.a(divdf3.o)
                0x0000000000005178                __divdf3
 .text.__eqdf2  0x000000000000572c       0x6a c:/users/a1885/program/mounriver/mounriver_studio/toolchain/risc-v embedded gcc/bin/../lib/gcc/riscv-none-embed/8.2.0\libgcc.a(eqdf2.o)
                0x000000000000572c                __nedf2
                0x000000000000572c                __eqdf2
 .text.__gedf2  0x0000000000005796       0xae c:/users/a1885/program/mounriver/mounriver_studio/toolchain/risc-v embedded gcc/bin/../lib/gcc/riscv-none-embed/8.2.0\libgcc.a(gedf2.o)
                0x0000000000005796                __gedf2
                0x0000000000005796                __gtdf2
 .text.__ledf2  0x0000000000005844       0xb6 c:/users/a1885/program/mounriver/mounriver_studio/toolchain/risc-v embedded gcc/bin/../lib/gcc/riscv-none-embed/8.2.0\libgcc.a(ledf2.o)
                0x0000000000005844                __ledf2
                0x0000000000005844                __ltdf2
 .text.__muldf3
                0x00000000000058fa      0x4b8 c:/users/a1885/program/mounriver/mounriver_studio/toolchain/risc-v embedded gcc/bin/../lib/gcc/riscv-none-embed/8.2.0\libgcc.a(muldf3.o)
                0x00000000000058fa                __muldf3
 .text.__subdf3
                0x0000000000005db2      0x73a c:/users/a1885/program/mounriver/mounriver_studio/toolchain/risc-v embedded gcc/bin/../lib/gcc/riscv-none-embed/8.2.0\libgcc.a(subdf3.o)
                0x0000000000005db2                __subdf3
 .text.__fixdfsi
                0x00000000000064ec       0x68 c:/users/a1885/program/mounriver/mounriver_studio/toolchain/risc-v embedded gcc/bin/../lib/gcc/riscv-none-embed/8.2.0\libgcc.a(fixdfsi.o)
                0x00000000000064ec                __fixdfsi
 .text.__floatsidf
                0x0000000000006554       0x70 c:/users/a1885/program/mounriver/mounriver_studio/toolchain/risc-v embedded gcc/bin/../lib/gcc/riscv-none-embed/8.2.0\libgcc.a(floatsidf.o)
                0x0000000000006554                __floatsidf
 .text.__floatunsidf
                0x00000000000065c4       0x66 c:/users/a1885/program/mounriver/mounriver_studio/toolchain/risc-v embedded gcc/bin/../lib/gcc/riscv-none-embed/8.2.0\libgcc.a(floatunsidf.o)
                0x00000000000065c4                __floatunsidf
 .text.__clzsi2
                0x000000000000662a       0x76 c:/users/a1885/program/mounriver/mounriver_studio/toolchain/risc-v embedded gcc/bin/../lib/gcc/riscv-none-embed/8.2.0\libgcc.a(_clzsi2.o)
                0x000000000000662a                __clzsi2
 .text.__assert_func
                0x00000000000066a0       0x3a c:/users/a1885/program/mounriver/mounriver_studio/toolchain/risc-v embedded gcc/bin/../lib/gcc/riscv-none-embed/8.2.0/../../../../riscv-none-embed/lib\libg_nano.a(lib_a-assert.o)
                0x00000000000066a0                __assert_func
 .text.fprintf  0x00000000000066da       0x26 c:/users/a1885/program/mounriver/mounriver_studio/toolchain/risc-v embedded gcc/bin/../lib/gcc/riscv-none-embed/8.2.0/../../../../riscv-none-embed/lib\libg_nano.a(lib_a-fprintf.o)
                0x00000000000066da                fiprintf
                0x00000000000066da                fprintf
 .text.memcmp   0x0000000000006700       0x26 c:/users/a1885/program/mounriver/mounriver_studio/toolchain/risc-v embedded gcc/bin/../lib/gcc/riscv-none-embed/8.2.0/../../../../riscv-none-embed/lib\libg_nano.a(lib_a-memcmp.o)
                0x0000000000006700                memcmp
 .text.memcpy   0x0000000000006726       0xb6 c:/users/a1885/program/mounriver/mounriver_studio/toolchain/risc-v embedded gcc/bin/../lib/gcc/riscv-none-embed/8.2.0/../../../../riscv-none-embed/lib\libg_nano.a(lib_a-memcpy.o)
                0x0000000000006726                memcpy
 .text.memmove  0x00000000000067dc       0x4a c:/users/a1885/program/mounriver/mounriver_studio/toolchain/risc-v embedded gcc/bin/../lib/gcc/riscv-none-embed/8.2.0/../../../../riscv-none-embed/lib\libg_nano.a(lib_a-memmove.o)
                0x00000000000067dc                memmove
 .text.__sfputc_r
                0x0000000000006826       0x2a c:/users/a1885/program/mounriver/mounriver_studio/toolchain/risc-v embedded gcc/bin/../lib/gcc/riscv-none-embed/8.2.0/../../../../riscv-none-embed/lib\libg_nano.a(lib_a-nano-vfprintf.o)
 .text.__sfputs_r
                0x0000000000006850       0x44 c:/users/a1885/program/mounriver/mounriver_studio/toolchain/risc-v embedded gcc/bin/../lib/gcc/riscv-none-embed/8.2.0/../../../../riscv-none-embed/lib\libg_nano.a(lib_a-nano-vfprintf.o)
                0x0000000000006850                __sfputs_r
 .text._vfprintf_r
                0x0000000000006894      0x29c c:/users/a1885/program/mounriver/mounriver_studio/toolchain/risc-v embedded gcc/bin/../lib/gcc/riscv-none-embed/8.2.0/../../../../riscv-none-embed/lib\libg_nano.a(lib_a-nano-vfprintf.o)
                0x0000000000006894                _vfprintf_r
                0x0000000000006894                _vfiprintf_r
 .text.__cvt    0x0000000000006b30       0xee c:/users/a1885/program/mounriver/mounriver_studio/toolchain/risc-v embedded gcc/bin/../lib/gcc/riscv-none-embed/8.2.0/../../../../riscv-none-embed/lib\libg_nano.a(lib_a-nano-vfprintf_float.o)
                0x0000000000006b30                __cvt
 .text.__exponent
                0x0000000000006c1e       0x8c c:/users/a1885/program/mounriver/mounriver_studio/toolchain/risc-v embedded gcc/bin/../lib/gcc/riscv-none-embed/8.2.0/../../../../riscv-none-embed/lib\libg_nano.a(lib_a-nano-vfprintf_float.o)
                0x0000000000006c1e                __exponent
 .text._printf_float
                0x0000000000006caa      0x4c4 c:/users/a1885/program/mounriver/mounriver_studio/toolchain/risc-v embedded gcc/bin/../lib/gcc/riscv-none-embed/8.2.0/../../../../riscv-none-embed/lib\libg_nano.a(lib_a-nano-vfprintf_float.o)
                0x0000000000006caa                _printf_float
 .text._printf_common
                0x000000000000716e      0x10c c:/users/a1885/program/mounriver/mounriver_studio/toolchain/risc-v embedded gcc/bin/../lib/gcc/riscv-none-embed/8.2.0/../../../../riscv-none-embed/lib\libg_nano.a(lib_a-nano-vfprintf_i.o)
                0x000000000000716e                _printf_common
 .text._printf_i
                0x000000000000727a      0x2ac c:/users/a1885/program/mounriver/mounriver_studio/toolchain/risc-v embedded gcc/bin/../lib/gcc/riscv-none-embed/8.2.0/../../../../riscv-none-embed/lib\libg_nano.a(lib_a-nano-vfprintf_i.o)
                0x000000000000727a                _printf_i
 .text._scanf_float
                0x0000000000007526      0x476 c:/users/a1885/program/mounriver/mounriver_studio/toolchain/risc-v embedded gcc/bin/../lib/gcc/riscv-none-embed/8.2.0/../../../../riscv-none-embed/lib\libg_nano.a(lib_a-nano-vfscanf_float.o)
                0x0000000000007526                _scanf_float
 .text.printf   0x000000000000799c       0x42 c:/users/a1885/program/mounriver/mounriver_studio/toolchain/risc-v embedded gcc/bin/../lib/gcc/riscv-none-embed/8.2.0/../../../../riscv-none-embed/lib\libg_nano.a(lib_a-printf.o)
                0x000000000000799c                iprintf
                0x000000000000799c                printf
 .text.putchar  0x00000000000079de       0x2c c:/users/a1885/program/mounriver/mounriver_studio/toolchain/risc-v embedded gcc/bin/../lib/gcc/riscv-none-embed/8.2.0/../../../../riscv-none-embed/lib\libg_nano.a(lib_a-putchar.o)
                0x00000000000079de                putchar
 .text._puts_r  0x0000000000007a0a       0xe4 c:/users/a1885/program/mounriver/mounriver_studio/toolchain/risc-v embedded gcc/bin/../lib/gcc/riscv-none-embed/8.2.0/../../../../riscv-none-embed/lib\libg_nano.a(lib_a-puts.o)
                0x0000000000007a0a                _puts_r
 .text.puts     0x0000000000007aee        0xc c:/users/a1885/program/mounriver/mounriver_studio/toolchain/risc-v embedded gcc/bin/../lib/gcc/riscv-none-embed/8.2.0/../../../../riscv-none-embed/lib\libg_nano.a(lib_a-puts.o)
                0x0000000000007aee                puts
 .text.modf     0x0000000000007afa       0xa8 c:/users/a1885/program/mounriver/mounriver_studio/toolchain/risc-v embedded gcc/bin/../lib/gcc/riscv-none-embed/8.2.0/../../../../riscv-none-embed/lib\libg_nano.a(lib_a-s_modf.o)
                0x0000000000007afa                modf
 .text.nanf     0x0000000000007ba2        0xc c:/users/a1885/program/mounriver/mounriver_studio/toolchain/risc-v embedded gcc/bin/../lib/gcc/riscv-none-embed/8.2.0/../../../../riscv-none-embed/lib\libg_nano.a(lib_a-sf_nan.o)
                0x0000000000007ba2                nanf
 .text.snprintf
                0x0000000000007bae       0x70 c:/users/a1885/program/mounriver/mounriver_studio/toolchain/risc-v embedded gcc/bin/../lib/gcc/riscv-none-embed/8.2.0/../../../../riscv-none-embed/lib\libg_nano.a(lib_a-snprintf.o)
                0x0000000000007bae                sniprintf
                0x0000000000007bae                snprintf
 .text.sprintf  0x0000000000007c1e       0x46 c:/users/a1885/program/mounriver/mounriver_studio/toolchain/risc-v embedded gcc/bin/../lib/gcc/riscv-none-embed/8.2.0/../../../../riscv-none-embed/lib\libg_nano.a(lib_a-sprintf.o)
                0x0000000000007c1e                siprintf
                0x0000000000007c1e                sprintf
 .text.strlen   0x0000000000007c64       0x12 c:/users/a1885/program/mounriver/mounriver_studio/toolchain/risc-v embedded gcc/bin/../lib/gcc/riscv-none-embed/8.2.0/../../../../riscv-none-embed/lib\libg_nano.a(lib_a-strlen.o)
                0x0000000000007c64                strlen
 .text.strncpy  0x0000000000007c76       0x24 c:/users/a1885/program/mounriver/mounriver_studio/toolchain/risc-v embedded gcc/bin/../lib/gcc/riscv-none-embed/8.2.0/../../../../riscv-none-embed/lib\libg_nano.a(lib_a-strncpy.o)
                0x0000000000007c76                strncpy
 .text.sulp     0x0000000000007c9a       0x4e c:/users/a1885/program/mounriver/mounriver_studio/toolchain/risc-v embedded gcc/bin/../lib/gcc/riscv-none-embed/8.2.0/../../../../riscv-none-embed/lib\libg_nano.a(lib_a-strtod.o)
 .text._strtod_l
                0x0000000000007ce8      0xc7e c:/users/a1885/program/mounriver/mounriver_studio/toolchain/risc-v embedded gcc/bin/../lib/gcc/riscv-none-embed/8.2.0/../../../../riscv-none-embed/lib\libg_nano.a(lib_a-strtod.o)
                0x0000000000007ce8                _strtod_l
 .text._strtod_r
                0x0000000000008966       0x16 c:/users/a1885/program/mounriver/mounriver_studio/toolchain/risc-v embedded gcc/bin/../lib/gcc/riscv-none-embed/8.2.0/../../../../riscv-none-embed/lib\libg_nano.a(lib_a-strtod.o)
                0x0000000000008966                _strtod_r
 .text.strtod   0x000000000000897c       0x1c c:/users/a1885/program/mounriver/mounriver_studio/toolchain/risc-v embedded gcc/bin/../lib/gcc/riscv-none-embed/8.2.0/../../../../riscv-none-embed/lib\libg_nano.a(lib_a-strtod.o)
                0x000000000000897c                strtod
 .text._strtol_l.isra.0
                0x0000000000008998      0x144 c:/users/a1885/program/mounriver/mounriver_studio/toolchain/risc-v embedded gcc/bin/../lib/gcc/riscv-none-embed/8.2.0/../../../../riscv-none-embed/lib\libg_nano.a(lib_a-strtol.o)
 .text._strtol_r
                0x0000000000008adc       0x16 c:/users/a1885/program/mounriver/mounriver_studio/toolchain/risc-v embedded gcc/bin/../lib/gcc/riscv-none-embed/8.2.0/../../../../riscv-none-embed/lib\libg_nano.a(lib_a-strtol.o)
                0x0000000000008adc                _strtol_r
 .text._vsnprintf_r
                0x0000000000008af2       0x60 c:/users/a1885/program/mounriver/mounriver_studio/toolchain/risc-v embedded gcc/bin/../lib/gcc/riscv-none-embed/8.2.0/../../../../riscv-none-embed/lib\libg_nano.a(lib_a-vsnprintf.o)
                0x0000000000008af2                _vsniprintf_r
                0x0000000000008af2                _vsnprintf_r
 .text.vsnprintf
                0x0000000000008b52       0x12 c:/users/a1885/program/mounriver/mounriver_studio/toolchain/risc-v embedded gcc/bin/../lib/gcc/riscv-none-embed/8.2.0/../../../../riscv-none-embed/lib\libg_nano.a(lib_a-vsnprintf.o)
                0x0000000000008b52                vsniprintf
                0x0000000000008b52                vsnprintf
 .text.__swbuf_r
                0x0000000000008b64       0xc6 c:/users/a1885/program/mounriver/mounriver_studio/toolchain/risc-v embedded gcc/bin/../lib/gcc/riscv-none-embed/8.2.0/../../../../riscv-none-embed/lib\libg_nano.a(lib_a-wbuf.o)
                0x0000000000008b64                __swbuf_r
 .text.__swsetup_r
                0x0000000000008c2a      0x112 c:/users/a1885/program/mounriver/mounriver_studio/toolchain/risc-v embedded gcc/bin/../lib/gcc/riscv-none-embed/8.2.0/../../../../riscv-none-embed/lib\libg_nano.a(lib_a-wsetup.o)
                0x0000000000008c2a                __swsetup_r
 .text.abort    0x0000000000008d3c       0x10 c:/users/a1885/program/mounriver/mounriver_studio/toolchain/risc-v embedded gcc/bin/../lib/gcc/riscv-none-embed/8.2.0/../../../../riscv-none-embed/lib\libg_nano.a(lib_a-abort.o)
                0x0000000000008d3c                abort
 .text.quorem   0x0000000000008d4c      0x13a c:/users/a1885/program/mounriver/mounriver_studio/toolchain/risc-v embedded gcc/bin/../lib/gcc/riscv-none-embed/8.2.0/../../../../riscv-none-embed/lib\libg_nano.a(lib_a-dtoa.o)
 .text._dtoa_r  0x0000000000008e86      0xc20 c:/users/a1885/program/mounriver/mounriver_studio/toolchain/risc-v embedded gcc/bin/../lib/gcc/riscv-none-embed/8.2.0/../../../../riscv-none-embed/lib\libg_nano.a(lib_a-dtoa.o)
                0x0000000000008e86                _dtoa_r
 .text.__sflush_r
                0x0000000000009aa6      0x13e c:/users/a1885/program/mounriver/mounriver_studio/toolchain/risc-v embedded gcc/bin/../lib/gcc/riscv-none-embed/8.2.0/../../../../riscv-none-embed/lib\libg_nano.a(lib_a-fflush.o)
                0x0000000000009aa6                __sflush_r
 .text._fflush_r
                0x0000000000009be4       0x66 c:/users/a1885/program/mounriver/mounriver_studio/toolchain/risc-v embedded gcc/bin/../lib/gcc/riscv-none-embed/8.2.0/../../../../riscv-none-embed/lib\libg_nano.a(lib_a-fflush.o)
                0x0000000000009be4                _fflush_r
 .text.std      0x0000000000009c4a       0x6a c:/users/a1885/program/mounriver/mounriver_studio/toolchain/risc-v embedded gcc/bin/../lib/gcc/riscv-none-embed/8.2.0/../../../../riscv-none-embed/lib\libg_nano.a(lib_a-findfp.o)
 .text._cleanup_r
                0x0000000000009cb4        0xa c:/users/a1885/program/mounriver/mounriver_studio/toolchain/risc-v embedded gcc/bin/../lib/gcc/riscv-none-embed/8.2.0/../../../../riscv-none-embed/lib\libg_nano.a(lib_a-findfp.o)
                0x0000000000009cb4                _cleanup_r
 .text.__sfmoreglue
                0x0000000000009cbe       0x48 c:/users/a1885/program/mounriver/mounriver_studio/toolchain/risc-v embedded gcc/bin/../lib/gcc/riscv-none-embed/8.2.0/../../../../riscv-none-embed/lib\libg_nano.a(lib_a-findfp.o)
                0x0000000000009cbe                __sfmoreglue
 .text.__sinit  0x0000000000009d06       0x6c c:/users/a1885/program/mounriver/mounriver_studio/toolchain/risc-v embedded gcc/bin/../lib/gcc/riscv-none-embed/8.2.0/../../../../riscv-none-embed/lib\libg_nano.a(lib_a-findfp.o)
                0x0000000000009d06                __sinit
 .text.__sfp    0x0000000000009d72       0xa0 c:/users/a1885/program/mounriver/mounriver_studio/toolchain/risc-v embedded gcc/bin/../lib/gcc/riscv-none-embed/8.2.0/../../../../riscv-none-embed/lib\libg_nano.a(lib_a-findfp.o)
                0x0000000000009d72                __sfp
 .text._fwalk_reent
                0x0000000000009e12       0x6c c:/users/a1885/program/mounriver/mounriver_studio/toolchain/risc-v embedded gcc/bin/../lib/gcc/riscv-none-embed/8.2.0/../../../../riscv-none-embed/lib\libg_nano.a(lib_a-fwalk.o)
                0x0000000000009e12                _fwalk_reent
 .text.rshift   0x0000000000009e7e       0x76 c:/users/a1885/program/mounriver/mounriver_studio/toolchain/risc-v embedded gcc/bin/../lib/gcc/riscv-none-embed/8.2.0/../../../../riscv-none-embed/lib\libg_nano.a(lib_a-gdtoa-gethex.o)
 .text.__hexdig_fun
                0x0000000000009ef4       0x40 c:/users/a1885/program/mounriver/mounriver_studio/toolchain/risc-v embedded gcc/bin/../lib/gcc/riscv-none-embed/8.2.0/../../../../riscv-none-embed/lib\libg_nano.a(lib_a-gdtoa-gethex.o)
                0x0000000000009ef4                __hexdig_fun
 .text.__gethex
                0x0000000000009f34      0x4ce c:/users/a1885/program/mounriver/mounriver_studio/toolchain/risc-v embedded gcc/bin/../lib/gcc/riscv-none-embed/8.2.0/../../../../riscv-none-embed/lib\libg_nano.a(lib_a-gdtoa-gethex.o)
                0x0000000000009f34                __gethex
 .text.L_shift  0x000000000000a402       0x2c c:/users/a1885/program/mounriver/mounriver_studio/toolchain/risc-v embedded gcc/bin/../lib/gcc/riscv-none-embed/8.2.0/../../../../riscv-none-embed/lib\libg_nano.a(lib_a-gdtoa-hexnan.o)
 .text.__match  0x000000000000a42e       0x30 c:/users/a1885/program/mounriver/mounriver_studio/toolchain/risc-v embedded gcc/bin/../lib/gcc/riscv-none-embed/8.2.0/../../../../riscv-none-embed/lib\libg_nano.a(lib_a-gdtoa-hexnan.o)
                0x000000000000a42e                __match
 .text.__hexnan
                0x000000000000a45e      0x160 c:/users/a1885/program/mounriver/mounriver_studio/toolchain/risc-v embedded gcc/bin/../lib/gcc/riscv-none-embed/8.2.0/../../../../riscv-none-embed/lib\libg_nano.a(lib_a-gdtoa-hexnan.o)
                0x000000000000a45e                __hexnan
 .text.__locale_ctype_ptr_l
                0x000000000000a5be        0x6 c:/users/a1885/program/mounriver/mounriver_studio/toolchain/risc-v embedded gcc/bin/../lib/gcc/riscv-none-embed/8.2.0/../../../../riscv-none-embed/lib\libg_nano.a(lib_a-locale.o)
                0x000000000000a5be                __locale_ctype_ptr_l
 .text.__localeconv_l
                0x000000000000a5c4        0x6 c:/users/a1885/program/mounriver/mounriver_studio/toolchain/risc-v embedded gcc/bin/../lib/gcc/riscv-none-embed/8.2.0/../../../../riscv-none-embed/lib\libg_nano.a(lib_a-localeconv.o)
                0x000000000000a5c4                __localeconv_l
 .text._localeconv_r
                0x000000000000a5ca       0x18 c:/users/a1885/program/mounriver/mounriver_studio/toolchain/risc-v embedded gcc/bin/../lib/gcc/riscv-none-embed/8.2.0/../../../../riscv-none-embed/lib\libg_nano.a(lib_a-localeconv.o)
                0x000000000000a5ca                _localeconv_r
 .text.__swhatbuf_r
                0x000000000000a5e2       0x5a c:/users/a1885/program/mounriver/mounriver_studio/toolchain/risc-v embedded gcc/bin/../lib/gcc/riscv-none-embed/8.2.0/../../../../riscv-none-embed/lib\libg_nano.a(lib_a-makebuf.o)
                0x000000000000a5e2                __swhatbuf_r
 .text.__smakebuf_r
                0x000000000000a63c       0xa2 c:/users/a1885/program/mounriver/mounriver_studio/toolchain/risc-v embedded gcc/bin/../lib/gcc/riscv-none-embed/8.2.0/../../../../riscv-none-embed/lib\libg_nano.a(lib_a-makebuf.o)
                0x000000000000a63c                __smakebuf_r
 .text.malloc   0x000000000000a6de        0xc c:/users/a1885/program/mounriver/mounriver_studio/toolchain/risc-v embedded gcc/bin/../lib/gcc/riscv-none-embed/8.2.0/../../../../riscv-none-embed/lib\libg_nano.a(lib_a-malloc.o)
                0x000000000000a6de                malloc
 .text.__ascii_mbtowc
                0x000000000000a6ea       0x3a c:/users/a1885/program/mounriver/mounriver_studio/toolchain/risc-v embedded gcc/bin/../lib/gcc/riscv-none-embed/8.2.0/../../../../riscv-none-embed/lib\libg_nano.a(lib_a-mbtowc_r.o)
                0x000000000000a6ea                __ascii_mbtowc
 .text.memchr   0x000000000000a724       0x1a c:/users/a1885/program/mounriver/mounriver_studio/toolchain/risc-v embedded gcc/bin/../lib/gcc/riscv-none-embed/8.2.0/../../../../riscv-none-embed/lib\libg_nano.a(lib_a-memchr.o)
                0x000000000000a724                memchr
 .text._Balloc  0x000000000000a73e       0x8c c:/users/a1885/program/mounriver/mounriver_studio/toolchain/risc-v embedded gcc/bin/../lib/gcc/riscv-none-embed/8.2.0/../../../../riscv-none-embed/lib\libg_nano.a(lib_a-mprec.o)
                0x000000000000a73e                _Balloc
 .text._Bfree   0x000000000000a7ca       0x44 c:/users/a1885/program/mounriver/mounriver_studio/toolchain/risc-v embedded gcc/bin/../lib/gcc/riscv-none-embed/8.2.0/../../../../riscv-none-embed/lib\libg_nano.a(lib_a-mprec.o)
                0x000000000000a7ca                _Bfree
 .text.__multadd
                0x000000000000a80e       0x98 c:/users/a1885/program/mounriver/mounriver_studio/toolchain/risc-v embedded gcc/bin/../lib/gcc/riscv-none-embed/8.2.0/../../../../riscv-none-embed/lib\libg_nano.a(lib_a-mprec.o)
                0x000000000000a80e                __multadd
 .text.__s2b    0x000000000000a8a6       0xa6 c:/users/a1885/program/mounriver/mounriver_studio/toolchain/risc-v embedded gcc/bin/../lib/gcc/riscv-none-embed/8.2.0/../../../../riscv-none-embed/lib\libg_nano.a(lib_a-mprec.o)
                0x000000000000a8a6                __s2b
 .text.__hi0bits
                0x000000000000a94c       0x46 c:/users/a1885/program/mounriver/mounriver_studio/toolchain/risc-v embedded gcc/bin/../lib/gcc/riscv-none-embed/8.2.0/../../../../riscv-none-embed/lib\libg_nano.a(lib_a-mprec.o)
                0x000000000000a94c                __hi0bits
 .text.__lo0bits
                0x000000000000a992       0x6a c:/users/a1885/program/mounriver/mounriver_studio/toolchain/risc-v embedded gcc/bin/../lib/gcc/riscv-none-embed/8.2.0/../../../../riscv-none-embed/lib\libg_nano.a(lib_a-mprec.o)
                0x000000000000a992                __lo0bits
 .text.__i2b    0x000000000000a9fc       0x1c c:/users/a1885/program/mounriver/mounriver_studio/toolchain/risc-v embedded gcc/bin/../lib/gcc/riscv-none-embed/8.2.0/../../../../riscv-none-embed/lib\libg_nano.a(lib_a-mprec.o)
                0x000000000000a9fc                __i2b
 .text.__multiply
                0x000000000000aa18      0x144 c:/users/a1885/program/mounriver/mounriver_studio/toolchain/risc-v embedded gcc/bin/../lib/gcc/riscv-none-embed/8.2.0/../../../../riscv-none-embed/lib\libg_nano.a(lib_a-mprec.o)
                0x000000000000aa18                __multiply
 .text.__pow5mult
                0x000000000000ab5c       0xbe c:/users/a1885/program/mounriver/mounriver_studio/toolchain/risc-v embedded gcc/bin/../lib/gcc/riscv-none-embed/8.2.0/../../../../riscv-none-embed/lib\libg_nano.a(lib_a-mprec.o)
                0x000000000000ab5c                __pow5mult
 .text.__lshift
                0x000000000000ac1a       0xce c:/users/a1885/program/mounriver/mounriver_studio/toolchain/risc-v embedded gcc/bin/../lib/gcc/riscv-none-embed/8.2.0/../../../../riscv-none-embed/lib\libg_nano.a(lib_a-mprec.o)
                0x000000000000ac1a                __lshift
 .text.__mcmp   0x000000000000ace8       0x32 c:/users/a1885/program/mounriver/mounriver_studio/toolchain/risc-v embedded gcc/bin/../lib/gcc/riscv-none-embed/8.2.0/../../../../riscv-none-embed/lib\libg_nano.a(lib_a-mprec.o)
                0x000000000000ace8                __mcmp
 .text.__mdiff  0x000000000000ad1a       0xf2 c:/users/a1885/program/mounriver/mounriver_studio/toolchain/risc-v embedded gcc/bin/../lib/gcc/riscv-none-embed/8.2.0/../../../../riscv-none-embed/lib\libg_nano.a(lib_a-mprec.o)
                0x000000000000ad1a                __mdiff
 .text.__ulp    0x000000000000ae0c       0x46 c:/users/a1885/program/mounriver/mounriver_studio/toolchain/risc-v embedded gcc/bin/../lib/gcc/riscv-none-embed/8.2.0/../../../../riscv-none-embed/lib\libg_nano.a(lib_a-mprec.o)
                0x000000000000ae0c                __ulp
 .text.__b2d    0x000000000000ae52       0xb4 c:/users/a1885/program/mounriver/mounriver_studio/toolchain/risc-v embedded gcc/bin/../lib/gcc/riscv-none-embed/8.2.0/../../../../riscv-none-embed/lib\libg_nano.a(lib_a-mprec.o)
                0x000000000000ae52                __b2d
 .text.__d2b    0x000000000000af06       0xd4 c:/users/a1885/program/mounriver/mounriver_studio/toolchain/risc-v embedded gcc/bin/../lib/gcc/riscv-none-embed/8.2.0/../../../../riscv-none-embed/lib\libg_nano.a(lib_a-mprec.o)
                0x000000000000af06                __d2b
 .text.__ratio  0x000000000000afda       0x74 c:/users/a1885/program/mounriver/mounriver_studio/toolchain/risc-v embedded gcc/bin/../lib/gcc/riscv-none-embed/8.2.0/../../../../riscv-none-embed/lib\libg_nano.a(lib_a-mprec.o)
                0x000000000000afda                __ratio
 .text.__copybits
                0x000000000000b04e       0x36 c:/users/a1885/program/mounriver/mounriver_studio/toolchain/risc-v embedded gcc/bin/../lib/gcc/riscv-none-embed/8.2.0/../../../../riscv-none-embed/lib\libg_nano.a(lib_a-mprec.o)
                0x000000000000b04e                __copybits
 .text.__any_on
                0x000000000000b084       0x46 c:/users/a1885/program/mounriver/mounriver_studio/toolchain/risc-v embedded gcc/bin/../lib/gcc/riscv-none-embed/8.2.0/../../../../riscv-none-embed/lib\libg_nano.a(lib_a-mprec.o)
                0x000000000000b084                __any_on
 .text._calloc_r
                0x000000000000b0ca       0x26 c:/users/a1885/program/mounriver/mounriver_studio/toolchain/risc-v embedded gcc/bin/../lib/gcc/riscv-none-embed/8.2.0/../../../../riscv-none-embed/lib\libg_nano.a(lib_a-nano-callocr.o)
                0x000000000000b0ca                _calloc_r
 .text._free_r  0x000000000000b0f0       0xa8 c:/users/a1885/program/mounriver/mounriver_studio/toolchain/risc-v embedded gcc/bin/../lib/gcc/riscv-none-embed/8.2.0/../../../../riscv-none-embed/lib\libg_nano.a(lib_a-nano-freer.o)
                0x000000000000b0f0                _free_r
 .text._malloc_r
                0x000000000000b198       0xd4 c:/users/a1885/program/mounriver/mounriver_studio/toolchain/risc-v embedded gcc/bin/../lib/gcc/riscv-none-embed/8.2.0/../../../../riscv-none-embed/lib\libg_nano.a(lib_a-nano-mallocr.o)
                0x000000000000b198                _malloc_r
 .text._realloc_r
                0x000000000000b26c       0x58 c:/users/a1885/program/mounriver/mounriver_studio/toolchain/risc-v embedded gcc/bin/../lib/gcc/riscv-none-embed/8.2.0/../../../../riscv-none-embed/lib\libg_nano.a(lib_a-nano-reallocr.o)
                0x000000000000b26c                _realloc_r
 .text.__ssputs_r
                0x000000000000b2c4       0xee c:/users/a1885/program/mounriver/mounriver_studio/toolchain/risc-v embedded gcc/bin/../lib/gcc/riscv-none-embed/8.2.0/../../../../riscv-none-embed/lib\libg_nano.a(lib_a-nano-svfprintf.o)
                0x000000000000b2c4                __ssputs_r
 .text._svfprintf_r
                0x000000000000b3b2      0x27e c:/users/a1885/program/mounriver/mounriver_studio/toolchain/risc-v embedded gcc/bin/../lib/gcc/riscv-none-embed/8.2.0/../../../../riscv-none-embed/lib\libg_nano.a(lib_a-nano-svfprintf.o)
                0x000000000000b3b2                _svfiprintf_r
                0x000000000000b3b2                _svfprintf_r
 .text._putc_r  0x000000000000b630       0x86 c:/users/a1885/program/mounriver/mounriver_studio/toolchain/risc-v embedded gcc/bin/../lib/gcc/riscv-none-embed/8.2.0/../../../../riscv-none-embed/lib\libg_nano.a(lib_a-putc.o)
                0x000000000000b630                _putc_r
 .text._sbrk_r  0x000000000000b6b6       0x32 c:/users/a1885/program/mounriver/mounriver_studio/toolchain/risc-v embedded gcc/bin/../lib/gcc/riscv-none-embed/8.2.0/../../../../riscv-none-embed/lib\libg_nano.a(lib_a-sbrkr.o)
                0x000000000000b6b6                _sbrk_r
 .text._raise_r
                0x000000000000b6e8       0x62 c:/users/a1885/program/mounriver/mounriver_studio/toolchain/risc-v embedded gcc/bin/../lib/gcc/riscv-none-embed/8.2.0/../../../../riscv-none-embed/lib\libg_nano.a(lib_a-signal.o)
                0x000000000000b6e8                _raise_r
 .text.raise    0x000000000000b74a        0xc c:/users/a1885/program/mounriver/mounriver_studio/toolchain/risc-v embedded gcc/bin/../lib/gcc/riscv-none-embed/8.2.0/../../../../riscv-none-embed/lib\libg_nano.a(lib_a-signal.o)
                0x000000000000b74a                raise
 .text._kill_r  0x000000000000b756       0x34 c:/users/a1885/program/mounriver/mounriver_studio/toolchain/risc-v embedded gcc/bin/../lib/gcc/riscv-none-embed/8.2.0/../../../../riscv-none-embed/lib\libg_nano.a(lib_a-signalr.o)
                0x000000000000b756                _kill_r
 .text._getpid_r
                0x000000000000b78a        0x4 c:/users/a1885/program/mounriver/mounriver_studio/toolchain/risc-v embedded gcc/bin/../lib/gcc/riscv-none-embed/8.2.0/../../../../riscv-none-embed/lib\libg_nano.a(lib_a-signalr.o)
                0x000000000000b78a                _getpid_r
 .text.__sread  0x000000000000b78e       0x30 c:/users/a1885/program/mounriver/mounriver_studio/toolchain/risc-v embedded gcc/bin/../lib/gcc/riscv-none-embed/8.2.0/../../../../riscv-none-embed/lib\libg_nano.a(lib_a-stdio.o)
                0x000000000000b78e                __sread
 .text.__swrite
                0x000000000000b7be       0x4e c:/users/a1885/program/mounriver/mounriver_studio/toolchain/risc-v embedded gcc/bin/../lib/gcc/riscv-none-embed/8.2.0/../../../../riscv-none-embed/lib\libg_nano.a(lib_a-stdio.o)
                0x000000000000b7be                __swrite
 .text.__sseek  0x000000000000b80c       0x36 c:/users/a1885/program/mounriver/mounriver_studio/toolchain/risc-v embedded gcc/bin/../lib/gcc/riscv-none-embed/8.2.0/../../../../riscv-none-embed/lib\libg_nano.a(lib_a-stdio.o)
                0x000000000000b80c                __sseek
 .text.__sclose
                0x000000000000b842        0x6 c:/users/a1885/program/mounriver/mounriver_studio/toolchain/risc-v embedded gcc/bin/../lib/gcc/riscv-none-embed/8.2.0/../../../../riscv-none-embed/lib\libg_nano.a(lib_a-stdio.o)
                0x000000000000b842                __sclose
 .text.strncmp  0x000000000000b848       0x2c c:/users/a1885/program/mounriver/mounriver_studio/toolchain/risc-v embedded gcc/bin/../lib/gcc/riscv-none-embed/8.2.0/../../../../riscv-none-embed/lib\libg_nano.a(lib_a-strncmp.o)
                0x000000000000b848                strncmp
 .text.__ascii_wctomb
                0x000000000000b874       0x20 c:/users/a1885/program/mounriver/mounriver_studio/toolchain/risc-v embedded gcc/bin/../lib/gcc/riscv-none-embed/8.2.0/../../../../riscv-none-embed/lib\libg_nano.a(lib_a-wctomb_r.o)
                0x000000000000b874                __ascii_wctomb
 .text._write_r
                0x000000000000b894       0x36 c:/users/a1885/program/mounriver/mounriver_studio/toolchain/risc-v embedded gcc/bin/../lib/gcc/riscv-none-embed/8.2.0/../../../../riscv-none-embed/lib\libg_nano.a(lib_a-writer.o)
                0x000000000000b894                _write_r
 .text._close_r
                0x000000000000b8ca       0x30 c:/users/a1885/program/mounriver/mounriver_studio/toolchain/risc-v embedded gcc/bin/../lib/gcc/riscv-none-embed/8.2.0/../../../../riscv-none-embed/lib\libg_nano.a(lib_a-closer.o)
                0x000000000000b8ca                _close_r
 .text._fstat_r
                0x000000000000b8fa       0x32 c:/users/a1885/program/mounriver/mounriver_studio/toolchain/risc-v embedded gcc/bin/../lib/gcc/riscv-none-embed/8.2.0/../../../../riscv-none-embed/lib\libg_nano.a(lib_a-fstatr.o)
                0x000000000000b8fa                _fstat_r
 .text._isatty_r
                0x000000000000b92c       0x30 c:/users/a1885/program/mounriver/mounriver_studio/toolchain/risc-v embedded gcc/bin/../lib/gcc/riscv-none-embed/8.2.0/../../../../riscv-none-embed/lib\libg_nano.a(lib_a-isattyr.o)
                0x000000000000b92c                _isatty_r
 .text._lseek_r
                0x000000000000b95c       0x34 c:/users/a1885/program/mounriver/mounriver_studio/toolchain/risc-v embedded gcc/bin/../lib/gcc/riscv-none-embed/8.2.0/../../../../riscv-none-embed/lib\libg_nano.a(lib_a-lseekr.o)
                0x000000000000b95c                _lseek_r
 .text.__malloc_lock
                0x000000000000b990        0x2 c:/users/a1885/program/mounriver/mounriver_studio/toolchain/risc-v embedded gcc/bin/../lib/gcc/riscv-none-embed/8.2.0/../../../../riscv-none-embed/lib\libg_nano.a(lib_a-mlock.o)
                0x000000000000b990                __malloc_lock
 .text.__malloc_unlock
                0x000000000000b992        0x2 c:/users/a1885/program/mounriver/mounriver_studio/toolchain/risc-v embedded gcc/bin/../lib/gcc/riscv-none-embed/8.2.0/../../../../riscv-none-embed/lib\libg_nano.a(lib_a-mlock.o)
                0x000000000000b992                __malloc_unlock
 .text._malloc_usable_size_r
                0x000000000000b994       0x14 c:/users/a1885/program/mounriver/mounriver_studio/toolchain/risc-v embedded gcc/bin/../lib/gcc/riscv-none-embed/8.2.0/../../../../riscv-none-embed/lib\libg_nano.a(lib_a-nano-msizer.o)
                0x000000000000b994                _malloc_usable_size_r
 .text._read_r  0x000000000000b9a8       0x34 c:/users/a1885/program/mounriver/mounriver_studio/toolchain/risc-v embedded gcc/bin/../lib/gcc/riscv-none-embed/8.2.0/../../../../riscv-none-embed/lib\libg_nano.a(lib_a-readr.o)
                0x000000000000b9a8                _read_r
 .text.__unorddf2
                0x000000000000b9dc       0x3c c:/users/a1885/program/mounriver/mounriver_studio/toolchain/risc-v embedded gcc/bin/../lib/gcc/riscv-none-embed/8.2.0\libgcc.a(unorddf2.o)
                0x000000000000b9dc                __unorddf2
 .text.__fixunsdfsi
                0x000000000000ba18       0x5c c:/users/a1885/program/mounriver/mounriver_studio/toolchain/risc-v embedded gcc/bin/../lib/gcc/riscv-none-embed/8.2.0\libgcc.a(fixunsdfsi.o)
                0x000000000000ba18                __fixunsdfsi
 .text.__extenddftf2
                0x000000000000ba74      0x1a4 c:/users/a1885/program/mounriver/mounriver_studio/toolchain/risc-v embedded gcc/bin/../lib/gcc/riscv-none-embed/8.2.0\libgcc.a(extenddftf2.o)
                0x000000000000ba74                __extenddftf2
 .text.__truncdfsf2
                0x000000000000bc18      0x16a c:/users/a1885/program/mounriver/mounriver_studio/toolchain/risc-v embedded gcc/bin/../lib/gcc/riscv-none-embed/8.2.0\libgcc.a(truncdfsf2.o)
                0x000000000000bc18                __truncdfsf2
 .text.__trunctfdf2
                0x000000000000bd82      0x21e c:/users/a1885/program/mounriver/mounriver_studio/toolchain/risc-v embedded gcc/bin/../lib/gcc/riscv-none-embed/8.2.0\libgcc.a(trunctfdf2.o)
                0x000000000000bd82                __trunctfdf2
 .text._close   0x000000000000bfa0       0x10 c:/users/a1885/program/mounriver/mounriver_studio/toolchain/risc-v embedded gcc/bin/../lib/gcc/riscv-none-embed/8.2.0/../../../../riscv-none-embed/lib\libnosys.a(close.o)
                0x000000000000bfa0                _close
 .text._fstat   0x000000000000bfb0       0x10 c:/users/a1885/program/mounriver/mounriver_studio/toolchain/risc-v embedded gcc/bin/../lib/gcc/riscv-none-embed/8.2.0/../../../../riscv-none-embed/lib\libnosys.a(fstat.o)
                0x000000000000bfb0                _fstat
 .text._getpid  0x000000000000bfc0       0x10 c:/users/a1885/program/mounriver/mounriver_studio/toolchain/risc-v embedded gcc/bin/../lib/gcc/riscv-none-embed/8.2.0/../../../../riscv-none-embed/lib\libnosys.a(getpid.o)
                0x000000000000bfc0                _getpid
 .text._isatty  0x000000000000bfd0       0x10 c:/users/a1885/program/mounriver/mounriver_studio/toolchain/risc-v embedded gcc/bin/../lib/gcc/riscv-none-embed/8.2.0/../../../../riscv-none-embed/lib\libnosys.a(isatty.o)
                0x000000000000bfd0                _isatty
 .text._kill    0x000000000000bfe0       0x10 c:/users/a1885/program/mounriver/mounriver_studio/toolchain/risc-v embedded gcc/bin/../lib/gcc/riscv-none-embed/8.2.0/../../../../riscv-none-embed/lib\libnosys.a(kill.o)
                0x000000000000bfe0                _kill
 .text._lseek   0x000000000000bff0       0x10 c:/users/a1885/program/mounriver/mounriver_studio/toolchain/risc-v embedded gcc/bin/../lib/gcc/riscv-none-embed/8.2.0/../../../../riscv-none-embed/lib\libnosys.a(lseek.o)
                0x000000000000bff0                _lseek
 .text._read    0x000000000000c000       0x10 c:/users/a1885/program/mounriver/mounriver_studio/toolchain/risc-v embedded gcc/bin/../lib/gcc/riscv-none-embed/8.2.0/../../../../riscv-none-embed/lib\libnosys.a(read.o)
                0x000000000000c000                _read
 .text._exit    0x000000000000c010        0x2 c:/users/a1885/program/mounriver/mounriver_studio/toolchain/risc-v embedded gcc/bin/../lib/gcc/riscv-none-embed/8.2.0/../../../../riscv-none-embed/lib\libnosys.a(_exit.o)
                0x000000000000c010                _exit
 *(.rodata)
 *fill*         0x000000000000c012        0x2 
 .rodata        0x000000000000c014       0x30 ./TencentOS_Tiny/tos_js/tos_js.o
 *(.rodata*)
 .rodata.js_print.str1.4
                0x000000000000c044        0x5 ./User/main.o
                                          0xd (size before relaxing)
 *fill*         0x000000000000c049        0x3 
 .rodata.main.str1.4
                0x000000000000c04c       0x61 ./User/main.o
 *fill*         0x000000000000c0ad        0x3 
 .rodata.task1_entry.str1.4
                0x000000000000c0b0        0xf ./User/main.o
 *fill*         0x000000000000c0bf        0x1 
 .rodata.task2_entry.str1.4
                0x000000000000c0c0       0x2e ./User/main.o
 *fill*         0x000000000000c0ee        0x2 
 .rodata.parseident
                0x000000000000c0f0       0x60 ./TencentOS_Tiny/tos_js/tos_js.o
 .rodata.tostr  0x000000000000c150       0x28 ./TencentOS_Tiny/tos_js/tos_js.o
 .rodata.do_op  0x000000000000c178       0x84 ./TencentOS_Tiny/tos_js/tos_js.o
 .rodata.do_op.str1.4
                0x000000000000c1fc       0x9e ./TencentOS_Tiny/tos_js/tos_js.o
 *fill*         0x000000000000c29a        0x2 
 .rodata.expect.str1.4
                0x000000000000c29c        0xc ./TencentOS_Tiny/tos_js/tos_js.o
 .rodata.js_group.str1.4
                0x000000000000c2a8       0x1d ./TencentOS_Tiny/tos_js/tos_js.o
 *fill*         0x000000000000c2c5        0x3 
 .rodata.js_let.str1.4
                0x000000000000c2c8       0x18 ./TencentOS_Tiny/tos_js/tos_js.o
 .rodata.js_mkerr.str1.4
                0x000000000000c2e0        0x8 ./TencentOS_Tiny/tos_js/tos_js.o
 .rodata.js_stmt.str1.4
                0x000000000000c2e8       0x3b ./TencentOS_Tiny/tos_js/tos_js.o
 .rodata.js_str.str1.4
                0x000000000000c323        0x1 ./TencentOS_Tiny/tos_js/tos_js.o
 *fill*         0x000000000000c323        0x1 
 .rodata.js_str_literal.str1.4
                0x000000000000c324       0x10 ./TencentOS_Tiny/tos_js/tos_js.o
 .rodata.js_unary.str1.4
                0x000000000000c334       0x11 ./TencentOS_Tiny/tos_js/tos_js.o
 *fill*         0x000000000000c345        0x3 
 .rodata.loadoff.str1.4
                0x000000000000c348       0x36 ./TencentOS_Tiny/tos_js/tos_js.o
 *fill*         0x000000000000c37e        0x2 
 .rodata.mkentity.str1.4
                0x000000000000c380        0x4 ./TencentOS_Tiny/tos_js/tos_js.o
 .rodata.mkscope.str1.4
                0x000000000000c384       0x1c ./TencentOS_Tiny/tos_js/tos_js.o
 .rodata.parseident.str1.4
                0x000000000000c3a0       0xce ./TencentOS_Tiny/tos_js/tos_js.o
 *fill*         0x000000000000c46e        0x2 
 .rodata.str1.4
                0x000000000000c470       0x54 ./TencentOS_Tiny/tos_js/tos_js.o
                                         0x60 (size before relaxing)
 .rodata.tostr.str1.4
                0x000000000000c4c4       0x44 ./TencentOS_Tiny/tos_js/tos_js.o
 .rodata.knl_idle_init.str1.4
                0x000000000000c508        0x5 ./TencentOS_Tiny/kernel/core/tos_sys.o
 *fill*         0x000000000000c50d        0x3 
 .rodata.__divdf3
                0x000000000000c510       0x40 c:/users/a1885/program/mounriver/mounriver_studio/toolchain/risc-v embedded gcc/bin/../lib/gcc/riscv-none-embed/8.2.0\libgcc.a(divdf3.o)
 .rodata.__muldf3
                0x000000000000c550       0x40 c:/users/a1885/program/mounriver/mounriver_studio/toolchain/risc-v embedded gcc/bin/../lib/gcc/riscv-none-embed/8.2.0\libgcc.a(muldf3.o)
 .rodata.__clz_tab
                0x000000000000c590      0x100 c:/users/a1885/program/mounriver/mounriver_studio/toolchain/risc-v embedded gcc/bin/../lib/gcc/riscv-none-embed/8.2.0\libgcc.a(_clz.o)
                0x000000000000c590                __clz_tab
 .rodata.__assert_func.str1.4
                0x000000000000c690       0x3f c:/users/a1885/program/mounriver/mounriver_studio/toolchain/risc-v embedded gcc/bin/../lib/gcc/riscv-none-embed/8.2.0/../../../../riscv-none-embed/lib\libg_nano.a(lib_a-assert.o)
                                         0x43 (size before relaxing)
 *fill*         0x000000000000c6cf        0x1 
 .rodata._vfprintf_r.str1.4
                0x000000000000c6d0       0x13 c:/users/a1885/program/mounriver/mounriver_studio/toolchain/risc-v embedded gcc/bin/../lib/gcc/riscv-none-embed/8.2.0/../../../../riscv-none-embed/lib\libg_nano.a(lib_a-nano-vfprintf.o)
 *fill*         0x000000000000c6e3        0x5 
 .rodata._printf_float.cst8
                0x000000000000c6e8        0x8 c:/users/a1885/program/mounriver/mounriver_studio/toolchain/risc-v embedded gcc/bin/../lib/gcc/riscv-none-embed/8.2.0/../../../../riscv-none-embed/lib\libg_nano.a(lib_a-nano-vfprintf_float.o)
 .rodata._printf_float.str1.4
                0x000000000000c6f0        0xe c:/users/a1885/program/mounriver/mounriver_studio/toolchain/risc-v embedded gcc/bin/../lib/gcc/riscv-none-embed/8.2.0/../../../../riscv-none-embed/lib\libg_nano.a(lib_a-nano-vfprintf_float.o)
                                         0x12 (size before relaxing)
 *fill*         0x000000000000c6fe        0x2 
 .rodata._printf_i.str1.4
                0x000000000000c700       0x25 c:/users/a1885/program/mounriver/mounriver_studio/toolchain/risc-v embedded gcc/bin/../lib/gcc/riscv-none-embed/8.2.0/../../../../riscv-none-embed/lib\libg_nano.a(lib_a-nano-vfprintf_i.o)
 *fill*         0x000000000000c725        0x3 
 .rodata._scanf_float.str1.4
                0x000000000000c728        0x5 c:/users/a1885/program/mounriver/mounriver_studio/toolchain/risc-v embedded gcc/bin/../lib/gcc/riscv-none-embed/8.2.0/../../../../riscv-none-embed/lib\libg_nano.a(lib_a-nano-vfscanf_float.o)
 *fill*         0x000000000000c72d        0x3 
 .rodata.nanf.cst4
                0x000000000000c730        0x4 c:/users/a1885/program/mounriver/mounriver_studio/toolchain/risc-v embedded gcc/bin/../lib/gcc/riscv-none-embed/8.2.0/../../../../riscv-none-embed/lib\libg_nano.a(lib_a-sf_nan.o)
 .rodata._strtod_l
                0x000000000000c734       0x14 c:/users/a1885/program/mounriver/mounriver_studio/toolchain/risc-v embedded gcc/bin/../lib/gcc/riscv-none-embed/8.2.0/../../../../riscv-none-embed/lib\libg_nano.a(lib_a-strtod.o)
 .rodata._strtod_l.cst8
                0x000000000000c748       0x38 c:/users/a1885/program/mounriver/mounriver_studio/toolchain/risc-v embedded gcc/bin/../lib/gcc/riscv-none-embed/8.2.0/../../../../riscv-none-embed/lib\libg_nano.a(lib_a-strtod.o)
 .rodata._strtod_l.str1.4
                0x000000000000c780        0xf c:/users/a1885/program/mounriver/mounriver_studio/toolchain/risc-v embedded gcc/bin/../lib/gcc/riscv-none-embed/8.2.0/../../../../riscv-none-embed/lib\libg_nano.a(lib_a-strtod.o)
 *fill*         0x000000000000c78f        0x1 
 .rodata.fpi.3395
                0x000000000000c790       0x14 c:/users/a1885/program/mounriver/mounriver_studio/toolchain/risc-v embedded gcc/bin/../lib/gcc/riscv-none-embed/8.2.0/../../../../riscv-none-embed/lib\libg_nano.a(lib_a-strtod.o)
 .rodata.fpinan.3431
                0x000000000000c7a4       0x14 c:/users/a1885/program/mounriver/mounriver_studio/toolchain/risc-v embedded gcc/bin/../lib/gcc/riscv-none-embed/8.2.0/../../../../riscv-none-embed/lib\libg_nano.a(lib_a-strtod.o)
 .rodata.tinytens
                0x000000000000c7b8       0x28 c:/users/a1885/program/mounriver/mounriver_studio/toolchain/risc-v embedded gcc/bin/../lib/gcc/riscv-none-embed/8.2.0/../../../../riscv-none-embed/lib\libg_nano.a(lib_a-strtod.o)
 .rodata._dtoa_r.cst8
                0x000000000000c7e0       0x38 c:/users/a1885/program/mounriver/mounriver_studio/toolchain/risc-v embedded gcc/bin/../lib/gcc/riscv-none-embed/8.2.0/../../../../riscv-none-embed/lib\libg_nano.a(lib_a-dtoa.o)
                                         0x48 (size before relaxing)
 .rodata._dtoa_r.str1.4
                0x000000000000c818       0x10 c:/users/a1885/program/mounriver/mounriver_studio/toolchain/risc-v embedded gcc/bin/../lib/gcc/riscv-none-embed/8.2.0/../../../../riscv-none-embed/lib\libg_nano.a(lib_a-dtoa.o)
                                         0x12 (size before relaxing)
 .rodata.__sf_fake_stderr
                0x000000000000c828       0x20 c:/users/a1885/program/mounriver/mounriver_studio/toolchain/risc-v embedded gcc/bin/../lib/gcc/riscv-none-embed/8.2.0/../../../../riscv-none-embed/lib\libg_nano.a(lib_a-findfp.o)
                0x000000000000c828                __sf_fake_stderr
 .rodata.__sf_fake_stdin
                0x000000000000c848       0x20 c:/users/a1885/program/mounriver/mounriver_studio/toolchain/risc-v embedded gcc/bin/../lib/gcc/riscv-none-embed/8.2.0/../../../../riscv-none-embed/lib\libg_nano.a(lib_a-findfp.o)
                0x000000000000c848                __sf_fake_stdin
 .rodata.__sf_fake_stdout
                0x000000000000c868       0x20 c:/users/a1885/program/mounriver/mounriver_studio/toolchain/risc-v embedded gcc/bin/../lib/gcc/riscv-none-embed/8.2.0/../../../../riscv-none-embed/lib\libg_nano.a(lib_a-findfp.o)
                0x000000000000c868                __sf_fake_stdout
 .rodata._setlocale_r.str1.4
                0x000000000000c888        0xa c:/users/a1885/program/mounriver/mounriver_studio/toolchain/risc-v embedded gcc/bin/../lib/gcc/riscv-none-embed/8.2.0/../../../../riscv-none-embed/lib\libg_nano.a(lib_a-locale.o)
                                          0xd (size before relaxing)
 *fill*         0x000000000000c892        0x2 
 .rodata.str1.4
                0x000000000000c894        0x4 c:/users/a1885/program/mounriver/mounriver_studio/toolchain/risc-v embedded gcc/bin/../lib/gcc/riscv-none-embed/8.2.0/../../../../riscv-none-embed/lib\libg_nano.a(lib_a-locale.o)
                                          0x2 (size before relaxing)
 .rodata.__mprec_bigtens
                0x000000000000c898       0x28 c:/users/a1885/program/mounriver/mounriver_studio/toolchain/risc-v embedded gcc/bin/../lib/gcc/riscv-none-embed/8.2.0/../../../../riscv-none-embed/lib\libg_nano.a(lib_a-mprec.o)
                0x000000000000c898                __mprec_bigtens
 .rodata.__mprec_tens
                0x000000000000c8c0       0xc8 c:/users/a1885/program/mounriver/mounriver_studio/toolchain/risc-v embedded gcc/bin/../lib/gcc/riscv-none-embed/8.2.0/../../../../riscv-none-embed/lib\libg_nano.a(lib_a-mprec.o)
                0x000000000000c8c0                __mprec_tens
 .rodata.p05.3319
                0x000000000000c988        0xc c:/users/a1885/program/mounriver/mounriver_studio/toolchain/risc-v embedded gcc/bin/../lib/gcc/riscv-none-embed/8.2.0/../../../../riscv-none-embed/lib\libg_nano.a(lib_a-mprec.o)
 .rodata._svfprintf_r.str1.4
                0x000000000000c994       0x13 c:/users/a1885/program/mounriver/mounriver_studio/toolchain/risc-v embedded gcc/bin/../lib/gcc/riscv-none-embed/8.2.0/../../../../riscv-none-embed/lib\libg_nano.a(lib_a-nano-svfprintf.o)
 .rodata._ctype_
                0x000000000000c994      0x101 c:/users/a1885/program/mounriver/mounriver_studio/toolchain/risc-v embedded gcc/bin/../lib/gcc/riscv-none-embed/8.2.0/../../../../riscv-none-embed/lib\libg_nano.a(lib_a-ctype_.o)
                0x000000000000c994                _ctype_
 *(.glue_7)
 *(.glue_7t)
 *(.gnu.linkonce.t.*)
                0x000000000000ca98                . = ALIGN (0x4)
 *fill*         0x000000000000ca95        0x3 

.rela.dyn       0x000000000000ca98        0x0
 .rela.text.task2_entry
                0x000000000000ca98        0x0 ./User/ch32v30x_it.o
 .rela.text.startup.main
                0x000000000000ca98        0x0 ./User/ch32v30x_it.o
 .rela.sdata2.k_idle_task_stk_addr
                0x000000000000ca98        0x0 ./User/ch32v30x_it.o
 .rela.text.mmheap_ctl_init
                0x000000000000ca98        0x0 ./User/ch32v30x_it.o
 .rela.text.blk_insert
                0x000000000000ca98        0x0 ./User/ch32v30x_it.o
 .rela.text.tos_mmheap_pool_add
                0x000000000000ca98        0x0 ./User/ch32v30x_it.o
 .rela.text.readyqueue_prio_mark
                0x000000000000ca98        0x0 ./User/ch32v30x_it.o
 .rela.text.readyqueue_highest_ready_task_get
                0x000000000000ca98        0x0 ./User/ch32v30x_it.o
 .rela.text.readyqueue_init
                0x000000000000ca98        0x0 ./User/ch32v30x_it.o
 .rela.text.readyqueue_add_head
                0x000000000000ca98        0x0 ./User/ch32v30x_it.o
 .rela.text.readyqueue_add_tail
                0x000000000000ca98        0x0 ./User/ch32v30x_it.o
 .rela.text.readyqueue_remove
                0x000000000000ca98        0x0 ./User/ch32v30x_it.o
 .rela.text.knl_is_idle
                0x000000000000ca98        0x0 ./User/ch32v30x_it.o
 .rela.text.knl_idle_init
                0x000000000000ca98        0x0 ./User/ch32v30x_it.o
 .rela.text.tos_knl_init
                0x000000000000ca98        0x0 ./User/ch32v30x_it.o
 .rela.sdata.k_irq_stk_top
                0x000000000000ca98        0x0 ./User/ch32v30x_it.o
 .rela.init     0x000000000000ca98        0x0 ./User/ch32v30x_it.o
 .rela.vector   0x000000000000ca98        0x0 ./User/ch32v30x_it.o
 .rela.text.handle_reset
                0x000000000000ca98        0x0 ./User/ch32v30x_it.o
 .rela.text._sbrk
                0x000000000000ca98        0x0 ./User/ch32v30x_it.o
 .rela.sdata.curbrk.5216
                0x000000000000ca98        0x0 ./User/ch32v30x_it.o
 .rela.text._vfprintf_r
                0x000000000000ca98        0x0 ./User/ch32v30x_it.o
 .rela.text._svfprintf_r
                0x000000000000ca98        0x0 ./User/ch32v30x_it.o
 .rela.text._sbrk_r
                0x000000000000ca98        0x0 ./User/ch32v30x_it.o
 .rela.text._kill_r
                0x000000000000ca98        0x0 ./User/ch32v30x_it.o
 .rela.text._write_r
                0x000000000000ca98        0x0 ./User/ch32v30x_it.o
 .rela.text._close_r
                0x000000000000ca98        0x0 ./User/ch32v30x_it.o
 .rela.text._fstat_r
                0x000000000000ca98        0x0 ./User/ch32v30x_it.o
 .rela.text._isatty_r
                0x000000000000ca98        0x0 ./User/ch32v30x_it.o
 .rela.text._lseek_r
                0x000000000000ca98        0x0 ./User/ch32v30x_it.o
 .rela.text._read_r
                0x000000000000ca98        0x0 ./User/ch32v30x_it.o
 .rela.text._close
                0x000000000000ca98        0x0 ./User/ch32v30x_it.o
 .rela.text._fstat
                0x000000000000ca98        0x0 ./User/ch32v30x_it.o
 .rela.text._getpid
                0x000000000000ca98        0x0 ./User/ch32v30x_it.o
 .rela.text._isatty
                0x000000000000ca98        0x0 ./User/ch32v30x_it.o
 .rela.text._kill
                0x000000000000ca98        0x0 ./User/ch32v30x_it.o
 .rela.text._lseek
                0x000000000000ca98        0x0 ./User/ch32v30x_it.o
 .rela.text._read
                0x000000000000ca98        0x0 ./User/ch32v30x_it.o

.fini           0x000000000000ca98        0x0
 *(SORT_NONE(.fini))
                0x000000000000ca98                . = ALIGN (0x4)
                [!provide]                        PROVIDE (_etext = .)
                [!provide]                        PROVIDE (_eitcm = .)

.preinit_array  0x000000000000ca98        0x0
                [!provide]                        PROVIDE (__preinit_array_start = .)
 *(.preinit_array)
                [!provide]                        PROVIDE (__preinit_array_end = .)

.init_array     0x000000000000ca98        0x0
                [!provide]                        PROVIDE (__init_array_start = .)
 *(SORT_BY_INIT_PRIORITY(.init_array.*) SORT_BY_INIT_PRIORITY(.ctors.*))
 *(.init_array EXCLUDE_FILE(*crtend?.o *crtend.o *crtbegin?.o *crtbegin.o) .ctors)
                [!provide]                        PROVIDE (__init_array_end = .)

.fini_array     0x000000000000ca98        0x0
                [!provide]                        PROVIDE (__fini_array_start = .)
 *(SORT_BY_INIT_PRIORITY(.fini_array.*) SORT_BY_INIT_PRIORITY(.dtors.*))
 *(.fini_array EXCLUDE_FILE(*crtend?.o *crtend.o *crtbegin?.o *crtbegin.o) .dtors)
                [!provide]                        PROVIDE (__fini_array_end = .)

.ctors
 *crtbegin.o(.ctors)
 *crtbegin?.o(.ctors)
 *(EXCLUDE_FILE(*crtend?.o *crtend.o) .ctors)
 *(SORT_BY_NAME(.ctors.*))
 *(.ctors)

.dtors
 *crtbegin.o(.dtors)
 *crtbegin?.o(.dtors)
 *(EXCLUDE_FILE(*crtend?.o *crtend.o) .dtors)
 *(SORT_BY_NAME(.dtors.*))
 *(.dtors)

.dalign         0x0000000020000000        0x0 load address 0x000000000000ca98
                0x0000000020000000                . = ALIGN (0x4)
                0x0000000020000000                PROVIDE (_data_vma = .)

.dlalign        0x000000000000ca98        0x0
                0x000000000000ca98                . = ALIGN (0x4)
                0x000000000000ca98                PROVIDE (_data_lma = .)

.data           0x0000000020000000      0x230 load address 0x000000000000ca98
 *(.gnu.linkonce.r.*)
 *(.data .data.*)
 .data.APBAHBPrescTable
                0x0000000020000000       0x10 ./Peripheral/src/ch32v30x_rcc.o
 .data.impure_data
                0x0000000020000010       0x60 c:/users/a1885/program/mounriver/mounriver_studio/toolchain/risc-v embedded gcc/bin/../lib/gcc/riscv-none-embed/8.2.0/../../../../riscv-none-embed/lib\libg_nano.a(lib_a-impure.o)
 .data.__global_locale
                0x0000000020000070      0x16c c:/users/a1885/program/mounriver/mounriver_studio/toolchain/risc-v embedded gcc/bin/../lib/gcc/riscv-none-embed/8.2.0/../../../../riscv-none-embed/lib\libg_nano.a(lib_a-locale.o)
                0x0000000020000070                __global_locale
 *(.gnu.linkonce.d.*)
                0x00000000200001e0                . = ALIGN (0x8)
 *fill*         0x00000000200001dc        0x4 
                0x00000000200009e0                PROVIDE (__global_pointer$ = (. + 0x800))
 *(.sdata .sdata.*)
 .sdata.SystemCoreClock
                0x00000000200001e0        0x4 ./User/system_ch32v30x.o
                0x00000000200001e0                SystemCoreClock
 *fill*         0x00000000200001e4        0x4 
 .sdata.k_cpu_tick_per_second
                0x00000000200001e8        0x8 ./TencentOS_Tiny/kernel/core/tos_global.o
                0x00000000200001e8                k_cpu_tick_per_second
 .sdata.k_stat_list
                0x00000000200001f0        0x8 ./TencentOS_Tiny/kernel/core/tos_global.o
                0x00000000200001f0                k_stat_list
 .sdata.k_tick_list
                0x00000000200001f8        0x8 ./TencentOS_Tiny/kernel/core/tos_global.o
                0x00000000200001f8                k_tick_list
 .sdata.k_irq_stk_top
                0x0000000020000200        0x4 ./TencentOS_Tiny/arch/risc-v/common/tos_cpu.o
                0x0000000020000200                k_irq_stk_top
 .sdata.ADCPrescTable
                0x0000000020000204        0x4 ./Peripheral/src/ch32v30x_rcc.o
 .sdata.curbrk.5216
                0x0000000020000208        0x4 ./Debug/debug.o
 .sdata._impure_ptr
                0x000000002000020c        0x4 c:/users/a1885/program/mounriver/mounriver_studio/toolchain/risc-v embedded gcc/bin/../lib/gcc/riscv-none-embed/8.2.0/../../../../riscv-none-embed/lib\libg_nano.a(lib_a-impure.o)
                0x000000002000020c                _impure_ptr
 *(.sdata2.*)
 .sdata2.__func__.3873
                0x0000000020000210        0x8 ./TencentOS_Tiny/tos_js/tos_js.o
 .sdata2.__func__.4194
                0x0000000020000218        0x8 ./TencentOS_Tiny/tos_js/tos_js.o
 .sdata2.k_idle_task_stk_addr
                0x0000000020000220        0x4 ./TencentOS_Tiny/kernel/core/tos_global.o
                0x0000000020000220                k_idle_task_stk_addr
 .sdata2.k_idle_task_stk_size
                0x0000000020000224        0x4 ./TencentOS_Tiny/kernel/core/tos_global.o
                0x0000000020000224                k_idle_task_stk_size
 .sdata2._global_impure_ptr
                0x0000000020000228        0x4 c:/users/a1885/program/mounriver/mounriver_studio/toolchain/risc-v embedded gcc/bin/../lib/gcc/riscv-none-embed/8.2.0/../../../../riscv-none-embed/lib\libg_nano.a(lib_a-impure.o)
                0x0000000020000228                _global_impure_ptr
 *(.gnu.linkonce.s.*)
                0x0000000020000230                . = ALIGN (0x8)
 *fill*         0x000000002000022c        0x4 
 *(.srodata.cst16)
 *(.srodata.cst8)
 *(.srodata.cst4)
 *(.srodata.cst2)
 *(.srodata .srodata.*)
                0x0000000020000230                . = ALIGN (0x4)
                0x0000000020000230                PROVIDE (_edata = .)

.bss            0x0000000020000230     0x9a44 load address 0x000000000000ccc8
                0x0000000020000230                . = ALIGN (0x4)
                0x0000000020000230                PROVIDE (_sbss = .)
 *(.sbss*)
 .sbss.k_cpu_cycle_per_tick
                0x0000000020000230        0x4 ./TencentOS_Tiny/kernel/core/tos_global.o
                0x0000000020000230                k_cpu_cycle_per_tick
 .sbss.k_curr_task
                0x0000000020000234        0x4 ./TencentOS_Tiny/kernel/core/tos_global.o
                0x0000000020000234                k_curr_task
 .sbss.k_irq_nest_cnt
                0x0000000020000238        0x1 ./TencentOS_Tiny/kernel/core/tos_global.o
                0x0000000020000238                k_irq_nest_cnt
 *fill*         0x0000000020000239        0x3 
 .sbss.k_knl_state
                0x000000002000023c        0x4 ./TencentOS_Tiny/kernel/core/tos_global.o
                0x000000002000023c                k_knl_state
 .sbss.k_next_task
                0x0000000020000240        0x4 ./TencentOS_Tiny/kernel/core/tos_global.o
                0x0000000020000240                k_next_task
 .sbss.k_sched_lock_nest_cnt
                0x0000000020000244        0x1 ./TencentOS_Tiny/kernel/core/tos_global.o
                0x0000000020000244                k_sched_lock_nest_cnt
 *fill*         0x0000000020000245        0x3 
 .sbss.k_tick_count
                0x0000000020000248        0x8 ./TencentOS_Tiny/kernel/core/tos_global.o
                0x0000000020000248                k_tick_count
 .sbss.__malloc_free_list
                0x0000000020000250        0x4 c:/users/a1885/program/mounriver/mounriver_studio/toolchain/risc-v embedded gcc/bin/../lib/gcc/riscv-none-embed/8.2.0/../../../../riscv-none-embed/lib\libg_nano.a(lib_a-nano-mallocr.o)
                0x0000000020000250                __malloc_free_list
 .sbss.__malloc_sbrk_start
                0x0000000020000254        0x4 c:/users/a1885/program/mounriver/mounriver_studio/toolchain/risc-v embedded gcc/bin/../lib/gcc/riscv-none-embed/8.2.0/../../../../riscv-none-embed/lib\libg_nano.a(lib_a-nano-mallocr.o)
                0x0000000020000254                __malloc_sbrk_start
 *(.gnu.linkonce.sb.*)
 *(.bss*)
 *(.gnu.linkonce.b.*)
 *(COMMON*)
 COMMON         0x0000000020000258     0x58c0 ./User/main.o
                0x0000000020000258                task1_stk
                0x0000000020002a58                task1
                0x0000000020002ad0                task2
                0x0000000020002b48                task2_stk
                0x0000000020005348                js_mem
 COMMON         0x0000000020005b18     0x3f58 ./TencentOS_Tiny/kernel/core/tos_global.o
                0x0000000020005b18                k_rdyq
                0x0000000020005b70                k_idle_task_stk
                0x0000000020005d70                k_mmheap_ctl
                0x00000000200069f8                k_idle_task
                0x0000000020006a70                k_mmheap_default_pool
 COMMON         0x0000000020009a70      0x200 ./TencentOS_Tiny/arch/risc-v/common/tos_cpu.o
                0x0000000020009a70                k_irq_stk
 COMMON         0x0000000020009c70        0x4 c:/users/a1885/program/mounriver/mounriver_studio/toolchain/risc-v embedded gcc/bin/../lib/gcc/riscv-none-embed/8.2.0/../../../../riscv-none-embed/lib\libg_nano.a(lib_a-reent.o)
                0x0000000020009c70                errno